Component: ARM Compiler 5.06 update 6 (build 750) Tool: armlink [4d35ed]

==============================================================================

Section Cross References

    startup.o(STACK) refers (Special) to heapauxi.o(.text) for __use_two_region_memory
    startup.o(HEAP) refers (Special) to heapauxi.o(.text) for __use_two_region_memory
    startup.o(RESET) refers (Special) to heapauxi.o(.text) for __use_two_region_memory
    startup.o(RESET) refers to startup.o(STACK) for StackMem
    startup.o(RESET) refers to spaceinvaders.o(i.SysTick_Handler) for SysTick_Handler
    startup.o(RESET) refers to timer0.o(i.Timer0A_Handler) for Timer0A_Handler
    startup.o(RESET) refers to timer1.o(i.Timer1A_Handler) for Timer1A_Handler
    startup.o(RESET) refers to __main.o(!!!main) for __main
    startup.o(.text) refers (Special) to heapauxi.o(.text) for __use_two_region_memory
    startup.o(.text) refers to startup.o(HEAP) for HeapMem
    startup.o(.text) refers to startup.o(STACK) for StackMem
    random.o(.text) refers to random.o(DATA) for M
    timer0.o(i.Timer0A_Handler) refers to timer0.o(.data) for PeriodicTask0
    timer0.o(i.Timer0_Init) refers to timer0.o(.data) for PeriodicTask0
    timer1.o(i.Timer1A_Handler) refers to timer1.o(.data) for PeriodicTask1
    timer1.o(i.Timer1_Init) refers to timer1.o(.data) for PeriodicTask1
    sound.o(i.SoundTask) refers to dac.o(i.DAC_Out) for DAC_Out
    sound.o(i.SoundTask) refers to sound.o(.data) for length
    sound.o(i.Sound_Init) refers to dac.o(i.DAC_Init) for DAC_Init
    sound.o(i.Sound_Init) refers to timer0.o(i.Timer0_Init) for Timer0_Init
    sound.o(i.Sound_Init) refers to sound.o(.data) for length
    sound.o(i.Sound_Init) refers to sound.o(i.SoundTask) for SoundTask
    sound.o(i.Sound_Play) refers to sound.o(.data) for length
    sound.o(i.Sound_Shoot) refers to sound.o(i.Sound_Play) for Sound_Play
    sound.o(i.Sound_Shoot) refers to sound.o(.constdata) for shoot
    print.o(.text) refers (Special) to st7735.o(i.ST7735_OutString) for ST7735_OutString
    print.o(.text) refers to st7735.o(i.ST7735_OutChar) for ST7735_OutChar
    st7735.o(i.Output_Clear) refers to st7735.o(i.ST7735_FillScreen) for ST7735_FillScreen
    st7735.o(i.Output_Color) refers to st7735.o(i.ST7735_SetTextColor) for ST7735_SetTextColor
    st7735.o(i.Output_Init) refers to st7735.o(i.ST7735_InitR) for ST7735_InitR
    st7735.o(i.Output_Init) refers to st7735.o(i.ST7735_FillScreen) for ST7735_FillScreen
    st7735.o(i.Output_Off) refers to st7735.o(i.Output_Clear) for Output_Clear
    st7735.o(i.Output_On) refers to st7735.o(i.Output_Init) for Output_Init
    st7735.o(i.ST7735_DrawBitmap) refers to st7735.o(i.setAddrWindow) for setAddrWindow
    st7735.o(i.ST7735_DrawBitmap) refers to lcd.o(.text) for writedata
    st7735.o(i.ST7735_DrawBitmap) refers to st7735.o(.data) for _width
    st7735.o(i.ST7735_DrawChar) refers to st7735.o(i.setAddrWindow) for setAddrWindow
    st7735.o(i.ST7735_DrawChar) refers to st7735.o(i.pushColor) for pushColor
    st7735.o(i.ST7735_DrawChar) refers to st7735.o(.data) for _width
    st7735.o(i.ST7735_DrawChar) refers to st7735.o(.constdata) for Font
    st7735.o(i.ST7735_DrawCharS) refers to st7735.o(i.ST7735_DrawPixel) for ST7735_DrawPixel
    st7735.o(i.ST7735_DrawCharS) refers to st7735.o(i.ST7735_FillRect) for ST7735_FillRect
    st7735.o(i.ST7735_DrawCharS) refers to st7735.o(.data) for _width
    st7735.o(i.ST7735_DrawCharS) refers to st7735.o(.constdata) for Font
    st7735.o(i.ST7735_DrawFastHLine) refers to st7735.o(i.setAddrWindow) for setAddrWindow
    st7735.o(i.ST7735_DrawFastHLine) refers to lcd.o(.text) for writedata
    st7735.o(i.ST7735_DrawFastHLine) refers to st7735.o(.data) for _width
    st7735.o(i.ST7735_DrawFastVLine) refers to st7735.o(i.setAddrWindow) for setAddrWindow
    st7735.o(i.ST7735_DrawFastVLine) refers to lcd.o(.text) for writedata
    st7735.o(i.ST7735_DrawFastVLine) refers to st7735.o(.data) for _width
    st7735.o(i.ST7735_DrawPixel) refers to st7735.o(i.setAddrWindow) for setAddrWindow
    st7735.o(i.ST7735_DrawPixel) refers to st7735.o(i.pushColor) for pushColor
    st7735.o(i.ST7735_DrawPixel) refers to st7735.o(.data) for _width
    st7735.o(i.ST7735_DrawString) refers to st7735.o(i.ST7735_DrawCharS) for ST7735_DrawCharS
    st7735.o(i.ST7735_FillRect) refers to st7735.o(i.setAddrWindow) for setAddrWindow
    st7735.o(i.ST7735_FillRect) refers to lcd.o(.text) for writedata
    st7735.o(i.ST7735_FillRect) refers to st7735.o(.data) for _width
    st7735.o(i.ST7735_FillScreen) refers to st7735.o(i.ST7735_FillRect) for ST7735_FillRect
    st7735.o(i.ST7735_FillScreen) refers to st7735.o(.data) for _height
    st7735.o(i.ST7735_InitB) refers to st7735.o(i.commonInit) for commonInit
    st7735.o(i.ST7735_InitB) refers to st7735.o(i.ST7735_SetCursor) for ST7735_SetCursor
[...]
    spaceinvaders.o(i.main) refers to st7735.o(i.ST7735_SetCursor) for ST7735_SetCursor
    spaceinvaders.o(i.main) refers to st7735.o(i.ST7735_OutString) for ST7735_OutString
    spaceinvaders.o(i.main) refers to spaceinvaders.o(i.BoardSwitch) for BoardSwitch
    spaceinvaders.o(i.main) refers to spaceinvaders.o(i.Switches) for Switches
    spaceinvaders.o(i.main) refers to st7735.o(i.ST7735_FillScreen) for ST7735_FillScreen
    spaceinvaders.o(i.main) refers to adc.o(i.ADC_Init) for ADC_Init
    spaceinvaders.o(i.main) refers to spaceinvaders.o(i.SysTick_Init) for SysTick_Init
    spaceinvaders.o(i.main) refers to spaceinvaders.o(i.grid_Init) for grid_Init
    spaceinvaders.o(i.main) refers to print.o(.text) for LCD_OutDec
    spaceinvaders.o(i.main) refers to block.o(i.SpawnJPiece) for SpawnJPiece
    spaceinvaders.o(i.main) refers to block.o(i.rotateLPiece) for rotateLPiece
    spaceinvaders.o(i.main) refers to block.o(i.rotateZPiece) for rotateZPiece
    spaceinvaders.o(i.main) refers to block.o(i.rotateLinePiece) for rotateLinePiece
    spaceinvaders.o(i.main) refers to block.o(i.rotateTriPiece) for rotateTriPiece
    spaceinvaders.o(i.main) refers to block.o(i.rotateJPiece) for rotateJPiece
    spaceinvaders.o(i.main) refers to block.o(i.rotateSPiece) for rotateSPiece
    spaceinvaders.o(i.main) refers to spaceinvaders.o(i.Random7) for Random7
    spaceinvaders.o(i.main) refers to block.o(i.SpawnLPiece) for SpawnLPiece
    spaceinvaders.o(i.main) refers to block.o(i.SpawnZPiece) for SpawnZPiece
    spaceinvaders.o(i.main) refers to block.o(i.SpawnLinePiece) for SpawnLinePiece
    spaceinvaders.o(i.main) refers to block.o(i.SpawnSquarePiece) for SpawnSquarePiece
    spaceinvaders.o(i.main) refers to block.o(i.SpawnTriPiece) for SpawnTriPiece
    spaceinvaders.o(i.main) refers to block.o(i.SpawnSPiece) for SpawnSPiece
    spaceinvaders.o(i.main) refers to spaceinvaders.o(i.Convert) for Convert
    spaceinvaders.o(i.main) refers to block.o(i.updateLPiece) for updateLPiece
    spaceinvaders.o(i.main) refers to block.o(i.CheckGrid_X) for CheckGrid_X
    spaceinvaders.o(i.main) refers to block.o(i.updateZPiece) for updateZPiece
    spaceinvaders.o(i.main) refers to block.o(i.updateLinePiece) for updateLinePiece
    spaceinvaders.o(i.main) refers to spaceinvaders.o(.data) for Words
    spaceinvaders.o(i.main) refers to spaceinvaders.o(.constdata) for betrisBmp
    spaceinvaders.o(i.main) refers to block.o(.bss) for grid
    spaceinvaders.o(i.main) refers to block.o(.data) for previousCurrentPieceX
    spaceinvaders.o(i.main) refers to block.o(i.updateSquarePiece) for updateSquarePiece
    spaceinvaders.o(i.main) refers to block.o(i.updateTriPiece) for updateTriPiece
    spaceinvaders.o(i.main) refers to block.o(i.updateJPiece) for updateJPiece
    spaceinvaders.o(i.main) refers to block.o(i.updateSPiece) for updateSPiece
    spaceinvaders.o(i.main) refers to block.o(i.DrawCurrentPiece) for DrawCurrentPiece
    spaceinvaders.o(i.main) refers to block.o(i.delete_Rows) for delete_Rows
    spaceinvaders.o(i.main) refers to block.o(i.draw_Rows) for draw_Rows
    __main.o(!!!main) refers to __rtentry.o(.ARM.Collect$$rtentry$$00000000) for __rt_entry
    __rtentry.o(.ARM.Collect$$rtentry$$00000000) refers (Special) to __rtentry2.o(.ARM.Collect$$rtentry$$0000000A) for __rt_entry_li
    __rtentry.o(.ARM.Collect$$rtentry$$00000000) refers (Special) to __rtentry2.o(.ARM.Collect$$rtentry$$0000000D) for __rt_entry_main
    __rtentry.o(.ARM.Collect$$rtentry$$00000000) refers (Special) to __rtentry2.o(.ARM.Collect$$rtentry$$0000000C) for __rt_entry_postli_1
    __rtentry.o(.ARM.Collect$$rtentry$$00000000) refers (Special) to __rtentry2.o(.ARM.Collect$$rtentry$$00000009) for __rt_entry_postsh_1
    __rtentry.o(.ARM.Collect$$rtentry$$00000000) refers (Special) to __rtentry2.o(.ARM.Collect$$rtentry$$00000002) for __rt_entry_presh_1
    __rtentry.o(.ARM.Collect$$rtentry$$00000000) refers (Special) to __rtentry4.o(.ARM.Collect$$rtentry$$00000004) for __rt_entry_sh
    __rtentry2.o(.ARM.Collect$$rtentry$$00000008) refers to boardinit2.o(.text) for _platform_post_stackheap_init
    __rtentry2.o(.ARM.Collect$$rtentry$$0000000A) refers to libinit.o(.ARM.Collect$$libinit$$00000000) for __rt_lib_init
    __rtentry2.o(.ARM.Collect$$rtentry$$0000000B) refers to boardinit3.o(.text) for _platform_post_lib_init
    __rtentry2.o(.ARM.Collect$$rtentry$$0000000D) refers to spaceinvaders.o(i.main) for main
    __rtentry2.o(.ARM.Collect$$rtentry$$0000000D) refers to exit.o(.text) for exit
    __rtentry2.o(.ARM.exidx) refers to __rtentry2.o(.ARM.Collect$$rtentry$$00000001) for .ARM.Collect$$rtentry$$00000001
    __rtentry2.o(.ARM.exidx) refers to __rtentry2.o(.ARM.Collect$$rtentry$$00000008) for .ARM.Collect$$rtentry$$00000008
    __rtentry2.o(.ARM.exidx) refers to __rtentry2.o(.ARM.Collect$$rtentry$$0000000A) for .ARM.Collect$$rtentry$$0000000A
    __rtentry2.o(.ARM.exidx) refers to __rtentry2.o(.ARM.Collect$$rtentry$$0000000B) for .ARM.Collect$$rtentry$$0000000B
    __rtentry2.o(.ARM.exidx) refers to __rtentry2.o(.ARM.Collect$$rtentry$$0000000D) for .ARM.Collect$$rtentry$$0000000D
    __rtentry4.o(.ARM.Collect$$rtentry$$00000004) refers to sys_stackheap_outer.o(.text) for __user_setup_stackheap
    __rtentry4.o(.ARM.exidx) refers to __rtentry4.o(.ARM.Collect$$rtentry$$00000004) for .ARM.Collect$$rtentry$$00000004
    sys_stackheap_outer.o(.text) refers to libspace.o(.text) for __user_perproc_libspace
    sys_stackheap_outer.o(.text) refers to startup.o(.text) for __user_initial_stackheap
    exit.o(.text) refers to rtexit.o(.ARM.Collect$$rtexit$$00000000) for __rt_exit
    libinit.o(.ARM.Collect$$libinit$$00000000) refers (Special) to libinit2.o(.ARM.Collect$$libinit$$0000002E) for __rt_lib_init_alloca_1
    libinit.o(.ARM.Collect$$libinit$$00000000) refers (Special) to libinit2.o(.ARM.Collect$$libinit$$0000002C) for __rt_lib_init_argv_1
    libinit.o(.ARM.Collect$$libinit$$00000000) refers (Special) to libinit2.o(.ARM.Collect$$libinit$$0000001B) for __rt_lib_init_atexit_1
    libinit.o(.ARM.Collect$$libinit$$00000000) refers (Special) to libinit2.o(.ARM.Collect$$libinit$$00000021) for __rt_lib_init_clock_1
    libinit.o(.ARM.Collect$$libinit$$00000000) refers (Special) to libinit2.o(.ARM.Collect$$libinit$$00000032) for __rt_lib_init_cpp_1
    libinit.o(.ARM.Collect$$libinit$$00000000) refers (Special) to libinit2.o(.ARM.Collect$$libinit$$00000030) for __rt_lib_init_exceptions_1
    libinit.o(.ARM.Collect$$libinit$$00000000) refers (Special) to libinit2.o(.ARM.Collect$$libinit$$00000002) for __rt_lib_init_fp_1
    libinit.o(.ARM.Collect$$libinit$$00000000) refers (Special) to libinit2.o(.ARM.Collect$$libinit$$0000001F) for __rt_lib_init_fp_trap_1
    libinit.o(.ARM.Collect$$libinit$$00000000) refers (Special) to libinit2.o(.ARM.Collect$$libinit$$00000023) for __rt_lib_init_getenv_1
    libinit.o(.ARM.Collect$$libinit$$00000000) refers (Special) to libinit2.o(.ARM.Collect$$libinit$$0000000A) for __rt_lib_init_heap_1
    libinit.o(.ARM.Collect$$libinit$$00000000) refers (Special) to libinit2.o(.ARM.Collect$$libinit$$00000011) for __rt_lib_init_lc_collate_1
    libinit.o(.ARM.Collect$$libinit$$00000000) refers (Special) to libinit2.o(.ARM.Collect$$libinit$$00000013) for __rt_lib_init_lc_ctype_1
    libinit.o(.ARM.Collect$$libinit$$00000000) refers (Special) to libinit2.o(.ARM.Collect$$libinit$$00000015) for __rt_lib_init_lc_monetary_1
    libinit.o(.ARM.Collect$$libinit$$00000000) refers (Special) to libinit2.o(.ARM.Collect$$libinit$$00000017) for __rt_lib_init_lc_numeric_1
    libinit.o(.ARM.Collect$$libinit$$00000000) refers (Special) to libinit2.o(.ARM.Collect$$libinit$$00000019) for __rt_lib_init_lc_time_1
    libinit.o(.ARM.Collect$$libinit$$00000000) refers (Special) to libinit2.o(.ARM.Collect$$libinit$$00000004) for __rt_lib_init_preinit_1
    libinit.o(.ARM.Collect$$libinit$$00000000) refers (Special) to libinit2.o(.ARM.Collect$$libinit$$0000000E) for __rt_lib_init_rand_1
    libinit.o(.ARM.Collect$$libinit$$00000000) refers (Special) to libinit2.o(.ARM.Collect$$libinit$$00000033) for __rt_lib_init_return
    libinit.o(.ARM.Collect$$libinit$$00000000) refers (Special) to libinit2.o(.ARM.Collect$$libinit$$0000001D) for __rt_lib_init_signal_1
    libinit.o(.ARM.Collect$$libinit$$00000000) refers (Special) to libinit2.o(.ARM.Collect$$libinit$$00000025) for __rt_lib_init_stdio_1
    libinit.o(.ARM.Collect$$libinit$$00000000) refers (Special) to libinit2.o(.ARM.Collect$$libinit$$0000000C) for __rt_lib_init_user_alloc_1
    libspace.o(.text) refers to libspace.o(.bss) for __libspace_start
    rtexit.o(.ARM.Collect$$rtexit$$00000000) refers (Special) to rtexit2.o(.ARM.Collect$$rtexit$$00000004) for __rt_exit_exit
    rtexit.o(.ARM.Collect$$rtexit$$00000000) refers (Special) to rtexit2.o(.ARM.Collect$$rtexit$$00000003) for __rt_exit_ls
    rtexit.o(.ARM.Collect$$rtexit$$00000000) refers (Special) to rtexit2.o(.ARM.Collect$$rtexit$$00000002) for __rt_exit_prels_1
    rtexit.o(.ARM.exidx) refers (Special) to rtexit2.o(.ARM.Collect$$rtexit$$00000004) for __rt_exit_exit
    rtexit.o(.ARM.exidx) refers (Special) to rtexit2.o(.ARM.Collect$$rtexit$$00000003) for __rt_exit_ls
    rtexit.o(.ARM.exidx) refers (Special) to rtexit2.o(.ARM.Collect$$rtexit$$00000002) for __rt_exit_prels_1
    rtexit.o(.ARM.exidx) refers to rtexit.o(.ARM.Collect$$rtexit$$00000000) for .ARM.Collect$$rtexit$$00000000
    libinit2.o(.ARM.Collect$$libinit$$00000010) refers to libinit2.o(.ARM.Collect$$libinit$$0000000F) for .ARM.Collect$$libinit$$0000000F
    libinit2.o(.ARM.Collect$$libinit$$00000012) refers to libinit2.o(.ARM.Collect$$libinit$$0000000F) for .ARM.Collect$$libinit$$0000000F
    libinit2.o(.ARM.Collect$$libinit$$00000014) refers to libinit2.o(.ARM.Collect$$libinit$$0000000F) for .ARM.Collect$$libinit$$0000000F
    libinit2.o(.ARM.Collect$$libinit$$00000016) refers to libinit2.o(.ARM.Collect$$libinit$$0000000F) for .ARM.Collect$$libinit$$0000000F
    libinit2.o(.ARM.Collect$$libinit$$00000018) refers to libinit2.o(.ARM.Collect$$libinit$$0000000F) for .ARM.Collect$$libinit$$0000000F
    libinit2.o(.ARM.Collect$$libinit$$00000026) refers to argv_veneer.o(.emb_text) for __ARM_argv_veneer
    libinit2.o(.ARM.Collect$$libinit$$00000027) refers to argv_veneer.o(.emb_text) for __ARM_argv_veneer
    rtexit2.o(.ARM.Collect$$rtexit$$00000003) refers to libshutdown.o(.ARM.Collect$$libshutdown$$00000000) for __rt_lib_shutdown
    rtexit2.o(.ARM.Collect$$rtexit$$00000004) refers to sys_exit.o(.text) for _sys_exit
    rtexit2.o(.ARM.exidx) refers to rtexit2.o(.ARM.Collect$$rtexit$$00000001) for .ARM.Collect$$rtexit$$00000001
    rtexit2.o(.ARM.exidx) refers to rtexit2.o(.ARM.Collect$$rtexit$$00000003) for .ARM.Collect$$rtexit$$00000003
    rtexit2.o(.ARM.exidx) refers to rtexit2.o(.ARM.Collect$$rtexit$$00000004) for .ARM.Collect$$rtexit$$00000004
    argv_veneer.o(.emb_text) refers to no_argv.o(.text) for __ARM_get_argv
    sys_exit.o(.text) refers (Special) to use_no_semi.o(.text) for __I$use$semihosting
    sys_exit.o(.text) refers (Special) to indicate_semi.o(.text) for __semihosting_library_function
    _get_argv_nomalloc.o(.text) refers (Special) to hrguard.o(.text) for __heap_region$guard
    _get_argv_nomalloc.o(.text) refers to defsig_rtmem_outer.o(.text) for __rt_SIGRTMEM
    _get_argv_nomalloc.o(.text) refers to sys_command.o(.text) for _sys_command_string
    libshutdown.o(.ARM.Collect$$libshutdown$$00000000) refers (Special) to libshutdown2.o(.ARM.Collect$$libshutdown$$00000002) for __rt_lib_shutdown_cpp_1
    libshutdown.o(.ARM.Collect$$libshutdown$$00000000) refers (Special) to libshutdown2.o(.ARM.Collect$$libshutdown$$00000007) for __rt_lib_shutdown_fp_trap_1
    libshutdown.o(.ARM.Collect$$libshutdown$$00000000) refers (Special) to libshutdown2.o(.ARM.Collect$$libshutdown$$0000000F) for __rt_lib_shutdown_heap_1
    libshutdown.o(.ARM.Collect$$libshutdown$$00000000) refers (Special) to libshutdown2.o(.ARM.Collect$$libshutdown$$00000010) for __rt_lib_shutdown_return
    libshutdown.o(.ARM.Collect$$libshutdown$$00000000) refers (Special) to libshutdown2.o(.ARM.Collect$$libshutdown$$0000000A) for __rt_lib_shutdown_signal_1
    libshutdown.o(.ARM.Collect$$libshutdown$$00000000) refers (Special) to libshutdown2.o(.ARM.Collect$$libshutdown$$00000004) for __rt_lib_shutdown_stdio_1
    libshutdown.o(.ARM.Collect$$libshutdown$$00000000) refers (Special) to libshutdown2.o(.ARM.Collect$$libshutdown$$0000000C) for __rt_lib_shutdown_user_alloc_1
    sys_command.o(.text) refers (Special) to use_no_semi.o(.text) for __I$use$semihosting
    sys_command.o(.text) refers (Special) to indicate_semi.o(.text) for __semihosting_library_function
    defsig_rtmem_outer.o(.text) refers to defsig_rtmem_inner.o(.text) for __rt_SIGRTMEM_inner
    defsig_rtmem_outer.o(.text) refers to defsig_exit.o(.text) for __sig_exit
    defsig_rtmem_formal.o(.text) refers to rt_raise.o(.text) for __rt_raise
    rt_raise.o(.text) refers to __raise.o(.text) for __raise
    rt_raise.o(.text) refers to sys_exit.o(.text) for _sys_exit
    defsig_exit.o(.text) refers to sys_exit.o(.text) for _sys_exit
    defsig_rtmem_inner.o(.text) refers to defsig_general.o(.text) for __default_signal_display
    __raise.o(.text) refers to defsig.o(CL$$defsig) for __default_signal_handler
    defsig_general.o(.text) refers to sys_wrch.o(.text) for _ttywrch
    sys_wrch.o(.text) refers (Special) to use_no_semi.o(.text) for __I$use$semihosting
    sys_wrch.o(.text) refers (Special) to indicate_semi.o(.text) for __semihosting_library_function
    defsig.o(CL$$defsig) refers to defsig_rtmem_inner.o(.text) for __rt_SIGRTMEM_inner
    defsig_abrt_inner.o(.text) refers to defsig_general.o(.text) for __default_signal_display
    defsig_fpe_inner.o(.text) refers to defsig_general.o(.text) for __default_signal_display
    defsig_rtred_inner.o(.text) refers to defsig_general.o(.text) for __default_signal_display
    defsig_stak_inner.o(.text) refers to defsig_general.o(.text) for __default_signal_display
    defsig_pvfn_inner.o(.text) refers to defsig_general.o(.text) for __default_signal_display
    defsig_cppl_inner.o(.text) refers to defsig_general.o(.text) for __default_signal_display
    defsig_segv_inner.o(.text) refers to defsig_general.o(.text) for __default_signal_display
    defsig_other.o(.text) refers to defsig_general.o(.text) for __default_signal_display


==============================================================================

Removing Unused input sections from the image.

    Removing timer1.o(i.Timer1_Init), (96 bytes).
    Removing st7735.o(i.Output_Clear), (10 bytes).
    Removing st7735.o(i.Output_Color), (12 bytes).
    Removing st7735.o(i.Output_Off), (8 bytes).
    Removing st7735.o(i.Output_On), (8 bytes).
    Removing st7735.o(i.ST7735_Color565), (24 bytes).
    Removing st7735.o(i.ST7735_DrawChar), (272 bytes).
    Removing st7735.o(i.ST7735_DrawFastHLine), (124 bytes).
    Removing st7735.o(i.ST7735_DrawFastVLine), (124 bytes).
    Removing st7735.o(i.ST7735_InitB), (40 bytes).
    Removing st7735.o(i.ST7735_InvertDisplay), (22 bytes).
    Removing st7735.o(i.ST7735_OutUDec), (140 bytes).
    Removing st7735.o(i.ST7735_PlotBar), (88 bytes).
    Removing st7735.o(i.ST7735_PlotClear), (92 bytes).
    Removing st7735.o(i.ST7735_PlotLine), (264 bytes).
    Removing st7735.o(i.ST7735_PlotNext), (32 bytes).
    Removing st7735.o(i.ST7735_PlotNextErase), (64 bytes).
    Removing st7735.o(i.ST7735_PlotPoint), (152 bytes).
    Removing st7735.o(i.ST7735_PlotPoints), (172 bytes).
    Removing st7735.o(i.ST7735_PlotdBfs), (60 bytes).
    Removing st7735.o(i.ST7735_SetRotation), (212 bytes).
    Removing st7735.o(i.ST7735_SetTextColor), (12 bytes).
    Removing st7735.o(i.ST7735_SwapColor), (18 bytes).
    Removing st7735.o(i.ferror), (8 bytes).
    Removing st7735.o(i.fgetc), (6 bytes).
    Removing st7735.o(i.fillmessage), (72 bytes).
    Removing st7735.o(i.fputc), (16 bytes).
    Removing st7735.o(.bss), (12 bytes).

28 unused section(s) (total 2160 bytes) removed from the image.

==============================================================================

Image Symbol Table

    Local Symbols

    Symbol Name                              Value     Ov Type        Size  Object(Section)

    RESET                                    0x00000000   Section      644  startup.o(RESET)
    ../clib/angel/boardlib.s                 0x00000000   Number         0  boardinit1.o ABSOLUTE
    ../clib/angel/boardlib.s                 0x00000000   Number         0  boardshut.o ABSOLUTE
    ../clib/angel/boardlib.s                 0x00000000   Number         0  boardinit3.o ABSOLUTE
    ../clib/angel/boardlib.s                 0x00000000   Number         0  boardinit2.o ABSOLUTE
    ../clib/angel/handlers.s                 0x00000000   Number         0  __scatter_copy.o ABSOLUTE
    ../clib/angel/handlers.s                 0x00000000   Number         0  __scatter_zi.o ABSOLUTE
    ../clib/angel/kernel.s                   0x00000000   Number         0  __rtentry.o ABSOLUTE
    ../clib/angel/kernel.s                   0x00000000   Number         0  rtexit.o ABSOLUTE
    ../clib/angel/kernel.s                   0x00000000   Number         0  rtexit2.o ABSOLUTE
    ../clib/angel/kernel.s                   0x00000000   Number         0  __rtentry4.o ABSOLUTE
    ../clib/angel/kernel.s                   0x00000000   Number         0  __rtentry2.o ABSOLUTE
    ../clib/angel/rt.s                       0x00000000   Number         0  rt_raise.o ABSOLUTE
    ../clib/angel/scatter.s                  0x00000000   Number         0  __scatter.o ABSOLUTE
    ../clib/angel/startup.s                  0x00000000   Number         0  __main.o ABSOLUTE
    ../clib/angel/sys.s                      0x00000000   Number         0  use_no_semi.o ABSOLUTE
    ../clib/angel/sys.s                      0x00000000   Number         0  indicate_semi.o ABSOLUTE
    ../clib/angel/sys.s                      0x00000000   Number         0  libspace.o ABSOLUTE
    ../clib/angel/sys.s                      0x00000000   Number         0  sys_stackheap_outer.o ABSOLUTE
    ../clib/angel/sysapp.c                   0x00000000   Number         0  sys_exit.o ABSOLUTE
    ../clib/angel/sysapp.c                   0x00000000   Number         0  sys_command.o ABSOLUTE
    ../clib/angel/sysapp.c                   0x00000000   Number         0  sys_wrch.o ABSOLUTE
    ../clib/armsys.c                         0x00000000   Number         0  no_argv.o ABSOLUTE
    ../clib/armsys.c                         0x00000000   Number         0  _get_argv_nomalloc.o ABSOLUTE
    ../clib/armsys.c                         0x00000000   Number         0  argv_veneer.o ABSOLUTE
    ../clib/armsys.c                         0x00000000   Number         0  argv_veneer.o ABSOLUTE
    ../clib/heapalloc.c                      0x00000000   Number         0  hrguard.o ABSOLUTE
    ../clib/heapaux.c                        0x00000000   Number         0  heapauxi.o ABSOLUTE
    ../clib/libinit.s                        0x00000000   Number         0  libshutdown.o ABSOLUTE
    ../clib/libinit.s                        0x00000000   Number         0  libinit2.o ABSOLUTE
    ../clib/libinit.s                        0x00000000   Number         0  libshutdown2.o ABSOLUTE
    ../clib/libinit.s                        0x00000000   Number         0  libinit.o ABSOLUTE
    ../clib/signal.c                         0x00000000   Number         0  defsig_pvfn_inner.o ABSOLUTE
    ../clib/signal.c                         0x00000000   Number         0  defsig_stak_inner.o ABSOLUTE
    ../clib/signal.c                         0x00000000   Number         0  defsig_rtred_inner.o ABSOLUTE
    ../clib/signal.c                         0x00000000   Number         0  defsig_fpe_inner.o ABSOLUTE
    ../clib/signal.c                         0x00000000   Number         0  defsig_abrt_inner.o ABSOLUTE
    ../clib/signal.c                         0x00000000   Number         0  defsig_general.o ABSOLUTE
    ../clib/signal.c                         0x00000000   Number         0  __raise.o ABSOLUTE
    ../clib/signal.c                         0x00000000   Number         0  defsig_rtmem_inner.o ABSOLUTE
    ../clib/signal.c                         0x00000000   Number         0  defsig_rtmem_formal.o ABSOLUTE
    ../clib/signal.c                         0x00000000   Number         0  defsig_segv_inner.o ABSOLUTE
    ../clib/signal.c                         0x00000000   Number         0  defsig_exit.o ABSOLUTE
    ../clib/signal.c                         0x00000000   Number         0  defsig_rtmem_outer.o ABSOLUTE
    ../clib/signal.c                         0x00000000   Number         0  defsig_other.o ABSOLUTE
    ../clib/signal.c                         0x00000000   Number         0  defsig_cppl_inner.o ABSOLUTE
    ../clib/signal.s                         0x00000000   Number         0  defsig.o ABSOLUTE
    ../clib/stdlib.c                         0x00000000   Number         0  exit.o ABSOLUTE
    ../fplib/fpinit.s                        0x00000000   Number         0  fpinit.o ABSOLUTE
    ADC.c                                    0x00000000   Number         0  adc.o ABSOLUTE
    Block.c                                  0x00000000   Number         0  block.o ABSOLUTE
    DAC.c                                    0x00000000   Number         0  dac.o ABSOLUTE
    LCD.s                                    0x00000000   Number         0  lcd.o ABSOLUTE
    PLL.c                                    0x00000000   Number         0  pll.o ABSOLUTE
    Print.s                                  0x00000000   Number         0  print.o ABSOLUTE
    ST7735.c                                 0x00000000   Number         0  st7735.o ABSOLUTE
    Sound.c                                  0x00000000   Number         0  sound.o ABSOLUTE
    SpaceInvaders.c                          0x00000000   Number         0  spaceinvaders.o ABSOLUTE
    Timer0.c                                 0x00000000   Number         0  timer0.o ABSOLUTE
    Timer1.c                                 0x00000000   Number         0  timer1.o ABSOLUTE
    dc.s                                     0x00000000   Number         0  dc.o ABSOLUTE
    random.s                                 0x00000000   Number         0  random.o ABSOLUTE
    startup.s                                0x00000000   Number         0  startup.o ABSOLUTE
    !!!main                                  0x00000284   Section        8  __main.o(!!!main)
    !!!scatter                               0x0000028c   Section       52  __scatter.o(!!!scatter)
    !!handler_copy                           0x000002c0   Section       26  __scatter_copy.o(!!handler_copy)
    !!handler_zi                             0x000002dc   Section       28  __scatter_zi.o(!!handler_zi)
    .ARM.Collect$$libinit$$00000000          0x000002f8   Section        2  libinit.o(.ARM.Collect$$libinit$$00000000)
    .ARM.Collect$$libinit$$00000002          0x000002fa   Section        0  libinit2.o(.ARM.Collect$$libinit$$00000002)
    .ARM.Collect$$libinit$$00000004          0x000002fa   Section        0  libinit2.o(.ARM.Collect$$libinit$$00000004)
    .ARM.Collect$$libinit$$0000000A          0x000002fa   Section        0  libinit2.o(.ARM.Collect$$libinit$$0000000A)
    .ARM.Collect$$libinit$$0000000C          0x000002fa   Section        0  libinit2.o(.ARM.Collect$$libinit$$0000000C)
    .ARM.Collect$$libinit$$0000000E          0x000002fa   Section        0  libinit2.o(.ARM.Collect$$libinit$$0000000E)
    .ARM.Collect$$libinit$$00000011          0x000002fa   Section        0  libinit2.o(.ARM.Collect$$libinit$$00000011)
    .ARM.Collect$$libinit$$00000013          0x000002fa   Section        0  libinit2.o(.ARM.Collect$$libinit$$00000013)
    .ARM.Collect$$libinit$$00000015          0x000002fa   Section        0  libinit2.o(.ARM.Collect$$libinit$$00000015)
    .ARM.Collect$$libinit$$00000017          0x000002fa   Section        0  libinit2.o(.ARM.Collect$$libinit$$00000017)
    .ARM.Collect$$libinit$$00000019          0x000002fa   Section        0  libinit2.o(.ARM.Collect$$libinit$$00000019)
    .ARM.Collect$$libinit$$0000001B          0x000002fa   Section        0  libinit2.o(.ARM.Collect$$libinit$$0000001B)
    .ARM.Collect$$libinit$$0000001D          0x000002fa   Section        0  libinit2.o(.ARM.Collect$$libinit$$0000001D)
    .ARM.Collect$$libinit$$0000001F          0x000002fa   Section        0  libinit2.o(.ARM.Collect$$libinit$$0000001F)
    .ARM.Collect$$libinit$$00000021          0x000002fa   Section        0  libinit2.o(.ARM.Collect$$libinit$$00000021)
    .ARM.Collect$$libinit$$00000023          0x000002fa   Section        0  libinit2.o(.ARM.Collect$$libinit$$00000023)
    .ARM.Collect$$libinit$$00000025          0x000002fa   Section        0  libinit2.o(.ARM.Collect$$libinit$$00000025)
    .ARM.Collect$$libinit$$0000002C          0x000002fa   Section        0  libinit2.o(.ARM.Collect$$libinit$$0000002C)
    .ARM.Collect$$libinit$$0000002E          0x000002fa   Section        0  libinit2.o(.ARM.Collect$$libinit$$0000002E)
    .ARM.Collect$$libinit$$00000030          0x000002fa   Section        0  libinit2.o(.ARM.Collect$$libinit$$00000030)
    .ARM.Collect$$libinit$$00000032          0x000002fa   Section        0  libinit2.o(.ARM.Collect$$libinit$$00000032)
    .ARM.Collect$$libinit$$00000033          0x000002fa   Section        2  libinit2.o(.ARM.Collect$$libinit$$00000033)
    .ARM.Collect$$libshutdown$$00000000      0x000002fc   Section        2  libshutdown.o(.ARM.Collect$$libshutdown$$00000000)
    .ARM.Collect$$libshutdown$$00000002      0x000002fe   Section        0  libshutdown2.o(.ARM.Collect$$libshutdown$$00000002)
    .ARM.Collect$$libshutdown$$00000004      0x000002fe   Section        0  libshutdown2.o(.ARM.Collect$$libshutdown$$00000004)
    .ARM.Collect$$libshutdown$$00000007      0x000002fe   Section        0  libshutdown2.o(.ARM.Collect$$libshutdown$$00000007)
    .ARM.Collect$$libshutdown$$0000000A      0x000002fe   Section        0  libshutdown2.o(.ARM.Collect$$libshutdown$$0000000A)
    .ARM.Collect$$libshutdown$$0000000C      0x000002fe   Section        0  libshutdown2.o(.ARM.Collect$$libshutdown$$0000000C)
    .ARM.Collect$$libshutdown$$0000000F      0x000002fe   Section        0  libshutdown2.o(.ARM.Collect$$libshutdown$$0000000F)
    .ARM.Collect$$libshutdown$$00000010      0x000002fe   Section        2  libshutdown2.o(.ARM.Collect$$libshutdown$$00000010)
    .ARM.Collect$$rtentry$$00000000          0x00000300   Section        0  __rtentry.o(.ARM.Collect$$rtentry$$00000000)
    .ARM.Collect$$rtentry$$00000002          0x00000300   Section        0  __rtentry2.o(.ARM.Collect$$rtentry$$00000002)
    .ARM.Collect$$rtentry$$00000004          0x00000300   Section        6  __rtentry4.o(.ARM.Collect$$rtentry$$00000004)
    .ARM.Collect$$rtentry$$00000009          0x00000306   Section        0  __rtentry2.o(.ARM.Collect$$rtentry$$00000009)
    .ARM.Collect$$rtentry$$0000000A          0x00000306   Section        4  __rtentry2.o(.ARM.Collect$$rtentry$$0000000A)
    .ARM.Collect$$rtentry$$0000000C          0x0000030a   Section        0  __rtentry2.o(.ARM.Collect$$rtentry$$0000000C)
    .ARM.Collect$$rtentry$$0000000D          0x0000030a   Section        8  __rtentry2.o(.ARM.Collect$$rtentry$$0000000D)
    .ARM.Collect$$rtexit$$00000000           0x00000312   Section        2  rtexit.o(.ARM.Collect$$rtexit$$00000000)
    .ARM.Collect$$rtexit$$00000002           0x00000314   Section        0  rtexit2.o(.ARM.Collect$$rtexit$$00000002)
    .ARM.Collect$$rtexit$$00000003           0x00000314   Section        4  rtexit2.o(.ARM.Collect$$rtexit$$00000003)
    .ARM.Collect$$rtexit$$00000004           0x00000318   Section        6  rtexit2.o(.ARM.Collect$$rtexit$$00000004)
    .text                                    0x00000320   Section       48  startup.o(.text)
    .text                                    0x00000350   Section       60  random.o(.text)
    .text                                    0x0000038c   Section       80  lcd.o(.text)
    .text                                    0x000003dc   Section      260  print.o(.text)
    .text                                    0x000004e0   Section        0  heapauxi.o(.text)
    .text                                    0x000004e6   Section       74  sys_stackheap_outer.o(.text)
    .text                                    0x00000530   Section        0  exit.o(.text)
    .text                                    0x00000544   Section        8  libspace.o(.text)
    .text                                    0x0000054c   Section        0  sys_exit.o(.text)
    .text                                    0x00000558   Section        2  use_no_semi.o(.text)
    .text                                    0x0000055a   Section        0  indicate_semi.o(.text)
    i.ADC_In                                 0x0000055c   Section        0  adc.o(i.ADC_In)
    i.ADC_Init                               0x00000588   Section        0  adc.o(i.ADC_Init)
    i.BoardSwitch                            0x00000674   Section        0  spaceinvaders.o(i.BoardSwitch)
    i.CheckGrid_X                            0x00000684   Section        0  block.o(i.CheckGrid_X)
    i.Convert                                0x000006d8   Section        0  spaceinvaders.o(i.Convert)
    i.DAC_Init                               0x0000072c   Section        0  dac.o(i.DAC_Init)
    i.DAC_Out                                0x000007bc   Section        0  dac.o(i.DAC_Out)
    i.Delay1ms                               0x000007c8   Section        0  st7735.o(i.Delay1ms)
    i.DrawCurrentPiece                       0x000007e8   Section        0  block.o(i.DrawCurrentPiece)
    i.FindEmptyRow                           0x00000b0c   Section        0  block.o(i.FindEmptyRow)
    i.Output_Init                            0x00000b54   Section        0  st7735.o(i.Output_Init)
    i.PLL_Init                               0x00000b64   Section        0  pll.o(i.PLL_Init)
    i.Random7                                0x00000be0   Section        0  spaceinvaders.o(i.Random7)
    i.ST7735_DrawBitmap                      0x00000bf8   Section        0  st7735.o(i.ST7735_DrawBitmap)
    i.ST7735_DrawCharS                       0x00000d18   Section        0  st7735.o(i.ST7735_DrawCharS)
    i.ST7735_DrawPixel                       0x00000e10   Section        0  st7735.o(i.ST7735_DrawPixel)
    i.ST7735_DrawString                      0x00000e58   Section        0  st7735.o(i.ST7735_DrawString)
    i.ST7735_FillRect                        0x00000eac   Section        0  st7735.o(i.ST7735_FillRect)
    i.ST7735_FillScreen                      0x00000f58   Section        0  st7735.o(i.ST7735_FillScreen)
    i.ST7735_InitR                           0x00000f7c   Section        0  st7735.o(i.ST7735_InitR)
    i.ST7735_OutChar                         0x00000ff8   Section        0  st7735.o(i.ST7735_OutChar)
    i.ST7735_OutString                       0x000010cc   Section        0  st7735.o(i.ST7735_OutString)
    i.ST7735_SetCursor                       0x000010e4   Section        0  st7735.o(i.ST7735_SetCursor)
    i.SoundTask                              0x00001104   Section        0  sound.o(i.SoundTask)
    i.Sound_Init                             0x0000114c   Section        0  sound.o(i.Sound_Init)
    i.Sound_Play                             0x0000116c   Section        0  sound.o(i.Sound_Play)
    i.Sound_Shoot                            0x0000118c   Section        0  sound.o(i.Sound_Shoot)
    i.SpawnJPiece                            0x000011a0   Section        0  block.o(i.SpawnJPiece)
    i.SpawnLPiece                            0x00001234   Section        0  block.o(i.SpawnLPiece)
    i.SpawnLinePiece                         0x000012c8   Section        0  block.o(i.SpawnLinePiece)
    i.SpawnSPiece                            0x00001358   Section        0  block.o(i.SpawnSPiece)
    i.SpawnSquarePiece                       0x000013ec   Section        0  block.o(i.SpawnSquarePiece)
    i.SpawnTriPiece                          0x00001478   Section        0  block.o(i.SpawnTriPiece)
    i.SpawnZPiece                            0x0000150c   Section        0  block.o(i.SpawnZPiece)
    i.Switches                               0x000015a0   Section        0  spaceinvaders.o(i.Switches)
    i.SysTick_Handler                        0x000015b0   Section        0  spaceinvaders.o(i.SysTick_Handler)
    i.SysTick_Init                           0x000017dc   Section        0  spaceinvaders.o(i.SysTick_Init)
    i.Timer0A_Handler                        0x000017f8   Section        0  timer0.o(i.Timer0A_Handler)
    i.Timer0_Init                            0x00001810   Section        0  timer0.o(i.Timer0_Init)
    i.Timer1A_Handler                        0x00001870   Section        0  timer1.o(i.Timer1A_Handler)
    i.checkY                                 0x00001888   Section        0  block.o(i.checkY)
    i.clear                                  0x000018e0   Section        0  block.o(i.clear)
    i.commandList                            0x000019c0   Section        0  st7735.o(i.commandList)
    commandList                              0x000019c1   Thumb Code    86  st7735.o(i.commandList)
    i.commonInit                             0x00001a18   Section        0  st7735.o(i.commonInit)
    commonInit                               0x00001a19   Thumb Code   342  st7735.o(i.commonInit)
    i.delete_Rows                            0x00001ba0   Section        0  block.o(i.delete_Rows)
    i.draw_Rows                              0x00001d00   Section        0  block.o(i.draw_Rows)
    i.grid_Init                              0x00001df4   Section        0  spaceinvaders.o(i.grid_Init)
    i.main                                   0x00001e30   Section        0  spaceinvaders.o(i.main)
    i.pushColor                              0x000023bc   Section        0  st7735.o(i.pushColor)
    pushColor                                0x000023bd   Thumb Code    18  st7735.o(i.pushColor)
    i.rotateJPiece                           0x000023d0   Section        0  block.o(i.rotateJPiece)
    i.rotateLPiece                           0x00002508   Section        0  block.o(i.rotateLPiece)
    i.rotateLinePiece                        0x00002638   Section        0  block.o(i.rotateLinePiece)
    i.rotateSPiece                           0x000026d4   Section        0  block.o(i.rotateSPiece)
    i.rotateTriPiece                         0x0000277c   Section        0  block.o(i.rotateTriPiece)
    i.rotateZPiece                           0x000028bc   Section        0  block.o(i.rotateZPiece)
    i.setAddrWindow                          0x00002954   Section        0  st7735.o(i.setAddrWindow)
    setAddrWindow                            0x00002955   Thumb Code   106  st7735.o(i.setAddrWindow)
    i.switch_Init                            0x000029c8   Section        0  spaceinvaders.o(i.switch_Init)
    i.updateJPiece                           0x00002a04   Section        0  block.o(i.updateJPiece)
    i.updateLPiece                           0x00002aac   Section        0  block.o(i.updateLPiece)
    i.updateLinePiece                        0x00002b54   Section        0  block.o(i.updateLinePiece)
    i.updateSPiece                           0x00002bac   Section        0  block.o(i.updateSPiece)
    i.updateSquarePiece                      0x00002c04   Section        0  block.o(i.updateSquarePiece)
    i.updateTriPiece                         0x00002c2c   Section        0  block.o(i.updateTriPiece)
    i.updateZPiece                           0x00002cd4   Section        0  block.o(i.updateZPiece)
    .constdata                               0x00002d2c   Section     4080  sound.o(.constdata)
    .constdata                               0x00003d1c   Section     2018  st7735.o(.constdata)
    Font                                     0x00003d1c   Data        1275  st7735.o(.constdata)
    Bcmd                                     0x00004217   Data         103  st7735.o(.constdata)
    Rcmd1                                    0x0000427e   Data          59  st7735.o(.constdata)
    Rcmd2green                               0x000042b9   Data          13  st7735.o(.constdata)
    Rcmd2red                                 0x000042c6   Data          13  st7735.o(.constdata)
    Rcmd3                                    0x000042d3   Data          43  st7735.o(.constdata)
    .constdata                               0x000044fe   Section    12422  block.o(.constdata)
    betrisBmp                                0x000044fe   Data       11776  block.o(.constdata)
    redSquareBmp                             0x000072fe   Data          98  block.o(.constdata)
    blackSquareBmp                           0x00007360   Data          98  block.o(.constdata)
    greenblockbmp                            0x000073c2   Data          50  block.o(.constdata)
    orangeblockbmp                           0x000073f4   Data          50  block.o(.constdata)
    purpleblockbmp                           0x00007426   Data          50  block.o(.constdata)
    redblockbmp                              0x00007458   Data          50  block.o(.constdata)
    tealblockbmp                             0x0000748a   Data          50  block.o(.constdata)
    yellowblockbmp                           0x000074bc   Data          50  block.o(.constdata)
    gridlineborderbmp                        0x000074ee   Data          50  block.o(.constdata)
    pinkblockbmp                             0x00007520   Data          50  block.o(.constdata)
    brownblockbmp                            0x00007552   Data          50  block.o(.constdata)
    .constdata                               0x00007584   Section    12422  spaceinvaders.o(.constdata)
    betrisBmp                                0x00007584   Data       11776  spaceinvaders.o(.constdata)
    redSquareBmp                             0x0000a384   Data          98  spaceinvaders.o(.constdata)
    blackSquareBmp                           0x0000a3e6   Data          98  spaceinvaders.o(.constdata)
    greenblockbmp                            0x0000a448   Data          50  spaceinvaders.o(.constdata)
    orangeblockbmp                           0x0000a47a   Data          50  spaceinvaders.o(.constdata)
    purpleblockbmp                           0x0000a4ac   Data          50  spaceinvaders.o(.constdata)
    redblockbmp                              0x0000a4de   Data          50  spaceinvaders.o(.constdata)
    tealblockbmp                             0x0000a510   Data          50  spaceinvaders.o(.constdata)
    yellowblockbmp                           0x0000a542   Data          50  spaceinvaders.o(.constdata)
    gridlineborderbmp                        0x0000a574   Data          50  spaceinvaders.o(.constdata)
    pinkblockbmp                             0x0000a5a6   Data          50  spaceinvaders.o(.constdata)
    brownblockbmp                            0x0000a5d8   Data          50  spaceinvaders.o(.constdata)
    .data                                    0x20000000   Section        4  timer0.o(.data)
    .data                                    0x20000004   Section        4  timer1.o(.data)
    .data                                    0x20000008   Section        8  sound.o(.data)
    .data                                    0x20000010   Section       44  st7735.o(.data)
    ColStart                                 0x2000001a   Data           1  st7735.o(.data)
    RowStart                                 0x2000001b   Data           1  st7735.o(.data)
    Rotation                                 0x2000001c   Data           1  st7735.o(.data)
    TabColor                                 0x2000001d   Data           1  st7735.o(.data)
    _width                                   0x2000001e   Data           2  st7735.o(.data)
    _height                                  0x20000020   Data           2  st7735.o(.data)
    .data                                    0x2000003c   Section       16  block.o(.data)
    .data                                    0x2000004c   Section      108  spaceinvaders.o(.data)
    DATA                                     0x200000b8   Section        4  random.o(DATA)
    M                                        0x200000b8   Data           4  random.o(DATA)
    .bss                                     0x200000bc   Section     4288  block.o(.bss)
    .bss                                     0x2000117c   Section       96  libspace.o(.bss)
    HEAP                                     0x200011e0   Section        0  startup.o(HEAP)
    STACK                                    0x200011e0   Section     1024  startup.o(STACK)
    HeapMem                                  0x200011e0   Data           0  startup.o(HEAP)
    StackMem                                 0x200011e0   Data           0  startup.o(STACK)

    Global Symbols

    Symbol Name                              Value     Ov Type        Size  Object(Section)

    BuildAttributes$$THM_ISAv4$E$P$D$K$B$S$7EM$PE$A:L22UL41UL21$X:L11$S22US41US21$IEEE1$IW$USESV6$~STKCKD$USESV7$~SHL$OSPACE$ROPI$EBA8$UX$STANDARDLIB$REQ8$PRES8$EABIv2 0x00000000   Number         0  anon$$obj.o ABSOLUTE
    __ARM_use_no_argv                        0x00000000   Number         0  spaceinvaders.o ABSOLUTE
    __Vectors                                0x00000000   Data           0  startup.o(RESET)
    __ARM_exceptions_init                     - Undefined Weak Reference
    __alloca_initialize                       - Undefined Weak Reference
    __arm_preinit_                            - Undefined Weak Reference
    __cpp_initialize__aeabi_                  - Undefined Weak Reference
    __cxa_finalize                            - Undefined Weak Reference
    __rt_locale                               - Undefined Weak Reference
    __sigvec_lookup                           - Undefined Weak Reference
    _atexit_init                              - Undefined Weak Reference
    _call_atexit_fns                          - Undefined Weak Reference
    _clock_init                               - Undefined Weak Reference
    _fp_trap_init                             - Undefined Weak Reference
    _fp_trap_shutdown                         - Undefined Weak Reference
    _get_lc_collate                           - Undefined Weak Reference
    _get_lc_ctype                             - Undefined Weak Reference
    _get_lc_monetary                          - Undefined Weak Reference
    _get_lc_numeric                           - Undefined Weak Reference
    _get_lc_time                              - Undefined Weak Reference
    _getenv_init                              - Undefined Weak Reference
    _handle_redirection                       - Undefined Weak Reference
    _init_alloc                               - Undefined Weak Reference
    _init_user_alloc                          - Undefined Weak Reference
    _initio                                   - Undefined Weak Reference
    _rand_init                                - Undefined Weak Reference
    _signal_finish                            - Undefined Weak Reference
    _signal_init                              - Undefined Weak Reference
    _terminate_alloc                          - Undefined Weak Reference
    _terminate_user_alloc                     - Undefined Weak Reference
    _terminateio                              - Undefined Weak Reference
    Reset_Handler                            0x0000026d   Thumb Code     0  startup.o(RESET)
    NMI_Handler                              0x00000271   Thumb Code     2  startup.o(RESET)
    HardFault_Handler                        0x00000273   Thumb Code     2  startup.o(RESET)
    MemManage_Handler                        0x00000275   Thumb Code     2  startup.o(RESET)
    BusFault_Handler                         0x00000277   Thumb Code     2  startup.o(RESET)
    UsageFault_Handler                       0x00000279   Thumb Code     2  startup.o(RESET)
    SVC_Handler                              0x0000027b   Thumb Code     2  startup.o(RESET)
    DebugMon_Handler                         0x0000027d   Thumb Code     2  startup.o(RESET)
    PendSV_Handler                           0x0000027f   Thumb Code     2  startup.o(RESET)
    ADC0Seq0_Handler                         0x00000283   Thumb Code     0  startup.o(RESET)
    ADC0Seq1_Handler                         0x00000283   Thumb Code     0  startup.o(RESET)
    ADC0Seq2_Handler                         0x00000283   Thumb Code     0  startup.o(RESET)
    ADC0Seq3_Handler                         0x00000283   Thumb Code     0  startup.o(RESET)
    ADC1Seq0_Handler                         0x00000283   Thumb Code     0  startup.o(RESET)
    ADC1Seq1_Handler                         0x00000283   Thumb Code     0  startup.o(RESET)
    ADC1Seq2_Handler                         0x00000283   Thumb Code     0  startup.o(RESET)
    ADC1Seq3_Handler                         0x00000283   Thumb Code     0  startup.o(RESET)
    CAN0_Handler                             0x00000283   Thumb Code     0  startup.o(RESET)
    CAN1_Handler                             0x00000283   Thumb Code     0  startup.o(RESET)
    CAN2_Handler                             0x00000283   Thumb Code     0  startup.o(RESET)
    Comp0_Handler                            0x00000283   Thumb Code     0  startup.o(RESET)
    Comp1_Handler                            0x00000283   Thumb Code     0  startup.o(RESET)
    Comp2_Handler                            0x00000283   Thumb Code     0  startup.o(RESET)
    Ethernet_Handler                         0x00000283   Thumb Code     0  startup.o(RESET)
    ExtBus_Handler                           0x00000283   Thumb Code     0  startup.o(RESET)
    FPU_Handler                              0x00000283   Thumb Code     0  startup.o(RESET)
    Fan0_Handler                             0x00000283   Thumb Code     0  startup.o(RESET)
    FlashCtl_Handler                         0x00000283   Thumb Code     0  startup.o(RESET)
    GPIOPortA_Handler                        0x00000283   Thumb Code     0  startup.o(RESET)
    GPIOPortB_Handler                        0x00000283   Thumb Code     0  startup.o(RESET)
    GPIOPortC_Handler                        0x00000283   Thumb Code     0  startup.o(RESET)
    GPIOPortD_Handler                        0x00000283   Thumb Code     0  startup.o(RESET)
    GPIOPortE_Handler                        0x00000283   Thumb Code     0  startup.o(RESET)
    GPIOPortF_Handler                        0x00000283   Thumb Code     0  startup.o(RESET)
    GPIOPortG_Handler                        0x00000283   Thumb Code     0  startup.o(RESET)
    GPIOPortH_Handler                        0x00000283   Thumb Code     0  startup.o(RESET)
    GPIOPortJ_Handler                        0x00000283   Thumb Code     0  startup.o(RESET)
    GPIOPortK_Handler                        0x00000283   Thumb Code     0  startup.o(RESET)
    GPIOPortL_Handler                        0x00000283   Thumb Code     0  startup.o(RESET)
    GPIOPortM_Handler                        0x00000283   Thumb Code     0  startup.o(RESET)
    GPIOPortN_Handler                        0x00000283   Thumb Code     0  startup.o(RESET)
    GPIOPortP1_Handler                       0x00000283   Thumb Code     0  startup.o(RESET)
    GPIOPortP2_Handler                       0x00000283   Thumb Code     0  startup.o(RESET)
    GPIOPortP3_Handler                       0x00000283   Thumb Code     0  startup.o(RESET)
    GPIOPortP4_Handler                       0x00000283   Thumb Code     0  startup.o(RESET)
    GPIOPortP5_Handler                       0x00000283   Thumb Code     0  startup.o(RESET)
    GPIOPortP6_Handler                       0x00000283   Thumb Code     0  startup.o(RESET)
    GPIOPortP7_Handler                       0x00000283   Thumb Code     0  startup.o(RESET)
    GPIOPortP_Handler                        0x00000283   Thumb Code     0  startup.o(RESET)
    GPIOPortQ1_Handler                       0x00000283   Thumb Code     0  startup.o(RESET)
    GPIOPortQ2_Handler                       0x00000283   Thumb Code     0  startup.o(RESET)
    GPIOPortQ3_Handler                       0x00000283   Thumb Code     0  startup.o(RESET)
    GPIOPortQ4_Handler                       0x00000283   Thumb Code     0  startup.o(RESET)
    GPIOPortQ5_Handler                       0x00000283   Thumb Code     0  startup.o(RESET)
    GPIOPortQ6_Handler                       0x00000283   Thumb Code     0  startup.o(RESET)
    GPIOPortQ7_Handler                       0x00000283   Thumb Code     0  startup.o(RESET)
    GPIOPortQ_Handler                        0x00000283   Thumb Code     0  startup.o(RESET)
    GPIOPortR_Handler                        0x00000283   Thumb Code     0  startup.o(RESET)
    GPIOPortS_Handler                        0x00000283   Thumb Code     0  startup.o(RESET)
    Hibernate_Handler                        0x00000283   Thumb Code     0  startup.o(RESET)
    I2C0_Handler                             0x00000283   Thumb Code     0  startup.o(RESET)
    I2C1_Handler                             0x00000283   Thumb Code     0  startup.o(RESET)
    I2C2_Handler                             0x00000283   Thumb Code     0  startup.o(RESET)
    I2C3_Handler                             0x00000283   Thumb Code     0  startup.o(RESET)
    I2C4_Handler                             0x00000283   Thumb Code     0  startup.o(RESET)
    I2C5_Handler                             0x00000283   Thumb Code     0  startup.o(RESET)
    I2S0_Handler                             0x00000283   Thumb Code     0  startup.o(RESET)
    LPC0_Handler                             0x00000283   Thumb Code     0  startup.o(RESET)
    PECI0_Handler                            0x00000283   Thumb Code     0  startup.o(RESET)
    PWM0Fault_Handler                        0x00000283   Thumb Code     0  startup.o(RESET)
    PWM0Generator0_Handler                   0x00000283   Thumb Code     0  startup.o(RESET)
    PWM0Generator1_Handler                   0x00000283   Thumb Code     0  startup.o(RESET)
    PWM0Generator2_Handler                   0x00000283   Thumb Code     0  startup.o(RESET)
    PWM0Generator3_Handler                   0x00000283   Thumb Code     0  startup.o(RESET)
    PWM1Fault_Handler                        0x00000283   Thumb Code     0  startup.o(RESET)
    PWM1Generator0_Handler                   0x00000283   Thumb Code     0  startup.o(RESET)
    PWM1Generator1_Handler                   0x00000283   Thumb Code     0  startup.o(RESET)
    PWM1Generator2_Handler                   0x00000283   Thumb Code     0  startup.o(RESET)
    PWM1Generator3_Handler                   0x00000283   Thumb Code     0  startup.o(RESET)
    Quadrature0_Handler                      0x00000283   Thumb Code     0  startup.o(RESET)
    Quadrature1_Handler                      0x00000283   Thumb Code     0  startup.o(RESET)
    Quadrature2_Handler                      0x00000283   Thumb Code     0  startup.o(RESET)
    SSI0_Handler                             0x00000283   Thumb Code     0  startup.o(RESET)
    SSI1_Handler                             0x00000283   Thumb Code     0  startup.o(RESET)
    SSI2_Handler                             0x00000283   Thumb Code     0  startup.o(RESET)
    SSI3_Handler                             0x00000283   Thumb Code     0  startup.o(RESET)
    SysCtl_Handler                           0x00000283   Thumb Code     0  startup.o(RESET)
    Timer0B_Handler                          0x00000283   Thumb Code     0  startup.o(RESET)
    Timer1B_Handler                          0x00000283   Thumb Code     0  startup.o(RESET)
    Timer2A_Handler                          0x00000283   Thumb Code     0  startup.o(RESET)
    Timer2B_Handler                          0x00000283   Thumb Code     0  startup.o(RESET)
    Timer3A_Handler                          0x00000283   Thumb Code     0  startup.o(RESET)
    Timer3B_Handler                          0x00000283   Thumb Code     0  startup.o(RESET)
    Timer4A_Handler                          0x00000283   Thumb Code     0  startup.o(RESET)
    Timer4B_Handler                          0x00000283   Thumb Code     0  startup.o(RESET)
    Timer5A_Handler                          0x00000283   Thumb Code     0  startup.o(RESET)
    Timer5B_Handler                          0x00000283   Thumb Code     0  startup.o(RESET)
    UART0_Handler                            0x00000283   Thumb Code     0  startup.o(RESET)
    UART1_Handler                            0x00000283   Thumb Code     0  startup.o(RESET)
    UART2_Handler                            0x00000283   Thumb Code     0  startup.o(RESET)
    UART3_Handler                            0x00000283   Thumb Code     0  startup.o(RESET)
    UART4_Handler                            0x00000283   Thumb Code     0  startup.o(RESET)
    UART5_Handler                            0x00000283   Thumb Code     0  startup.o(RESET)
    UART6_Handler                            0x00000283   Thumb Code     0  startup.o(RESET)
    UART7_Handler                            0x00000283   Thumb Code     0  startup.o(RESET)
    USB0_Handler                             0x00000283   Thumb Code     0  startup.o(RESET)
    WDT_Handler                              0x00000283   Thumb Code     0  startup.o(RESET)
    WideTimer0A_Handler                      0x00000283   Thumb Code     0  startup.o(RESET)
    WideTimer0B_Handler                      0x00000283   Thumb Code     0  startup.o(RESET)
    WideTimer1A_Handler                      0x00000283   Thumb Code     0  startup.o(RESET)
    WideTimer1B_Handler                      0x00000283   Thumb Code     0  startup.o(RESET)
    WideTimer2A_Handler                      0x00000283   Thumb Code     0  startup.o(RESET)
    WideTimer2B_Handler                      0x00000283   Thumb Code     0  startup.o(RESET)
    WideTimer3A_Handler                      0x00000283   Thumb Code     0  startup.o(RESET)
    WideTimer3B_Handler                      0x00000283   Thumb Code     0  startup.o(RESET)
    WideTimer4A_Handler                      0x00000283   Thumb Code     0  startup.o(RESET)
    WideTimer4B_Handler                      0x00000283   Thumb Code     0  startup.o(RESET)
    WideTimer5A_Handler                      0x00000283   Thumb Code     0  startup.o(RESET)
    WideTimer5B_Handler                      0x00000283   Thumb Code     0  startup.o(RESET)
    uDMA_Error                               0x00000283   Thumb Code     0  startup.o(RESET)
    uDMA_Handler                             0x00000283   Thumb Code     0  startup.o(RESET)
    __main                                   0x00000285   Thumb Code     8  __main.o(!!!main)
    __scatterload                            0x0000028d   Thumb Code     0  __scatter.o(!!!scatter)
    __scatterload_rt2                        0x0000028d   Thumb Code    44  __scatter.o(!!!scatter)
    __scatterload_rt2_thumb_only             0x0000028d   Thumb Code     0  __scatter.o(!!!scatter)
    __scatterload_null                       0x0000029b   Thumb Code     0  __scatter.o(!!!scatter)
    __scatterload_copy                       0x000002c1   Thumb Code    26  __scatter_copy.o(!!handler_copy)
    __scatterload_zeroinit                   0x000002dd   Thumb Code    28  __scatter_zi.o(!!handler_zi)
    __rt_lib_init                            0x000002f9   Thumb Code     0  libinit.o(.ARM.Collect$$libinit$$00000000)
    __rt_lib_init_alloca_1                   0x000002fb   Thumb Code     0  libinit2.o(.ARM.Collect$$libinit$$0000002E)
    __rt_lib_init_argv_1                     0x000002fb   Thumb Code     0  libinit2.o(.ARM.Collect$$libinit$$0000002C)
    __rt_lib_init_atexit_1                   0x000002fb   Thumb Code     0  libinit2.o(.ARM.Collect$$libinit$$0000001B)
    __rt_lib_init_clock_1                    0x000002fb   Thumb Code     0  libinit2.o(.ARM.Collect$$libinit$$00000021)
    __rt_lib_init_cpp_1                      0x000002fb   Thumb Code     0  libinit2.o(.ARM.Collect$$libinit$$00000032)
    __rt_lib_init_exceptions_1               0x000002fb   Thumb Code     0  libinit2.o(.ARM.Collect$$libinit$$00000030)
    __rt_lib_init_fp_1                       0x000002fb   Thumb Code     0  libinit2.o(.ARM.Collect$$libinit$$00000002)
    __rt_lib_init_fp_trap_1                  0x000002fb   Thumb Code     0  libinit2.o(.ARM.Collect$$libinit$$0000001F)
    __rt_lib_init_getenv_1                   0x000002fb   Thumb Code     0  libinit2.o(.ARM.Collect$$libinit$$00000023)
    __rt_lib_init_heap_1                     0x000002fb   Thumb Code     0  libinit2.o(.ARM.Collect$$libinit$$0000000A)
    __rt_lib_init_lc_collate_1               0x000002fb   Thumb Code     0  libinit2.o(.ARM.Collect$$libinit$$00000011)
    __rt_lib_init_lc_ctype_1                 0x000002fb   Thumb Code     0  libinit2.o(.ARM.Collect$$libinit$$00000013)
    __rt_lib_init_lc_monetary_1              0x000002fb   Thumb Code     0  libinit2.o(.ARM.Collect$$libinit$$00000015)
    __rt_lib_init_lc_numeric_1               0x000002fb   Thumb Code     0  libinit2.o(.ARM.Collect$$libinit$$00000017)
    __rt_lib_init_lc_time_1                  0x000002fb   Thumb Code     0  libinit2.o(.ARM.Collect$$libinit$$00000019)
    __rt_lib_init_preinit_1                  0x000002fb   Thumb Code     0  libinit2.o(.ARM.Collect$$libinit$$00000004)
    __rt_lib_init_rand_1                     0x000002fb   Thumb Code     0  libinit2.o(.ARM.Collect$$libinit$$0000000E)
    __rt_lib_init_return                     0x000002fb   Thumb Code     0  libinit2.o(.ARM.Collect$$libinit$$00000033)
    __rt_lib_init_signal_1                   0x000002fb   Thumb Code     0  libinit2.o(.ARM.Collect$$libinit$$0000001D)
    __rt_lib_init_stdio_1                    0x000002fb   Thumb Code     0  libinit2.o(.ARM.Collect$$libinit$$00000025)
    __rt_lib_init_user_alloc_1               0x000002fb   Thumb Code     0  libinit2.o(.ARM.Collect$$libinit$$0000000C)
    __rt_lib_shutdown                        0x000002fd   Thumb Code     0  libshutdown.o(.ARM.Collect$$libshutdown$$00000000)
    __rt_lib_shutdown_cpp_1                  0x000002ff   Thumb Code     0  libshutdown2.o(.ARM.Collect$$libshutdown$$00000002)
    __rt_lib_shutdown_fp_trap_1              0x000002ff   Thumb Code     0  libshutdown2.o(.ARM.Collect$$libshutdown$$00000007)
    __rt_lib_shutdown_heap_1                 0x000002ff   Thumb Code     0  libshutdown2.o(.ARM.Collect$$libshutdown$$0000000F)
    __rt_lib_shutdown_return                 0x000002ff   Thumb Code     0  libshutdown2.o(.ARM.Collect$$libshutdown$$00000010)
    __rt_lib_shutdown_signal_1               0x000002ff   Thumb Code     0  libshutdown2.o(.ARM.Collect$$libshutdown$$0000000A)
    __rt_lib_shutdown_stdio_1                0x000002ff   Thumb Code     0  libshutdown2.o(.ARM.Collect$$libshutdown$$00000004)
    __rt_lib_shutdown_user_alloc_1           0x000002ff   Thumb Code     0  libshutdown2.o(.ARM.Collect$$libshutdown$$0000000C)
    __rt_entry                               0x00000301   Thumb Code     0  __rtentry.o(.ARM.Collect$$rtentry$$00000000)
    __rt_entry_presh_1                       0x00000301   Thumb Code     0  __rtentry2.o(.ARM.Collect$$rtentry$$00000002)
    __rt_entry_sh                            0x00000301   Thumb Code     0  __rtentry4.o(.ARM.Collect$$rtentry$$00000004)
    __rt_entry_li                            0x00000307   Thumb Code     0  __rtentry2.o(.ARM.Collect$$rtentry$$0000000A)
    __rt_entry_postsh_1                      0x00000307   Thumb Code     0  __rtentry2.o(.ARM.Collect$$rtentry$$00000009)
    __rt_entry_main                          0x0000030b   Thumb Code     0  __rtentry2.o(.ARM.Collect$$rtentry$$0000000D)
    __rt_entry_postli_1                      0x0000030b   Thumb Code     0  __rtentry2.o(.ARM.Collect$$rtentry$$0000000C)
    __rt_exit                                0x00000313   Thumb Code     0  rtexit.o(.ARM.Collect$$rtexit$$00000000)
    __rt_exit_ls                             0x00000315   Thumb Code     0  rtexit2.o(.ARM.Collect$$rtexit$$00000003)
    __rt_exit_prels_1                        0x00000315   Thumb Code     0  rtexit2.o(.ARM.Collect$$rtexit$$00000002)
    __rt_exit_exit                           0x00000319   Thumb Code     0  rtexit2.o(.ARM.Collect$$rtexit$$00000004)
    DisableInterrupts                        0x00000321   Thumb Code     0  startup.o(.text)
    EnableInterrupts                         0x00000325   Thumb Code     0  startup.o(.text)
    StartCritical                            0x00000329   Thumb Code     0  startup.o(.text)
    EndCritical                              0x00000331   Thumb Code     0  startup.o(.text)
    WaitForInterrupt                         0x00000337   Thumb Code     0  startup.o(.text)
    __user_initial_stackheap                 0x0000033b   Thumb Code     0  startup.o(.text)
    Random_Init                              0x00000351   Thumb Code     0  random.o(.text)
    Random32                                 0x00000357   Thumb Code     2  random.o(.text)
    Random                                   0x00000369   Thumb Code     2  random.o(.text)
    writecommand                             0x0000038d   Thumb Code     0  lcd.o(.text)
    writedata                                0x000003b5   Thumb Code     0  lcd.o(.text)
    LCD_OutDec                               0x000003dd   Thumb Code     0  print.o(.text)
    LCD_OutFix                               0x0000042b   Thumb Code     0  print.o(.text)
    __use_two_region_memory                  0x000004e1   Thumb Code     2  heapauxi.o(.text)
    __rt_heap_escrow$2region                 0x000004e3   Thumb Code     2  heapauxi.o(.text)
    __rt_heap_expand$2region                 0x000004e5   Thumb Code     2  heapauxi.o(.text)
    __user_setup_stackheap                   0x000004e7   Thumb Code    74  sys_stackheap_outer.o(.text)
    exit                                     0x00000531   Thumb Code    18  exit.o(.text)
    __user_libspace                          0x00000545   Thumb Code     8  libspace.o(.text)
    __user_perproc_libspace                  0x00000545   Thumb Code     0  libspace.o(.text)
    __user_perthread_libspace                0x00000545   Thumb Code     0  libspace.o(.text)
    _sys_exit                                0x0000054d   Thumb Code     8  sys_exit.o(.text)
    __I$use$semihosting                      0x00000559   Thumb Code     0  use_no_semi.o(.text)
    __use_no_semihosting_swi                 0x00000559   Thumb Code     2  use_no_semi.o(.text)
    __semihosting_library_function           0x0000055b   Thumb Code     0  indicate_semi.o(.text)
    ADC_In                                   0x0000055d   Thumb Code    38  adc.o(i.ADC_In)
    ADC_Init                                 0x00000589   Thumb Code   210  adc.o(i.ADC_Init)
    BoardSwitch                              0x00000675   Thumb Code    10  spaceinvaders.o(i.BoardSwitch)
    CheckGrid_X                              0x00000685   Thumb Code    72  block.o(i.CheckGrid_X)
    Convert                                  0x000006d9   Thumb Code    80  spaceinvaders.o(i.Convert)
    DAC_Init                                 0x0000072d   Thumb Code   118  dac.o(i.DAC_Init)
    DAC_Out                                  0x000007bd   Thumb Code     6  dac.o(i.DAC_Out)
    Delay1ms                                 0x000007c9   Thumb Code    32  st7735.o(i.Delay1ms)
    DrawCurrentPiece                         0x000007e9   Thumb Code   772  block.o(i.DrawCurrentPiece)
    FindEmptyRow                             0x00000b0d   Thumb Code    64  block.o(i.FindEmptyRow)
    Output_Init                              0x00000b55   Thumb Code    16  st7735.o(i.Output_Init)
    PLL_Init                                 0x00000b65   Thumb Code   120  pll.o(i.PLL_Init)
    Random7                                  0x00000be1   Thumb Code    22  spaceinvaders.o(i.Random7)
    ST7735_DrawBitmap                        0x00000bf9   Thumb Code   280  st7735.o(i.ST7735_DrawBitmap)
    ST7735_DrawCharS                         0x00000d19   Thumb Code   236  st7735.o(i.ST7735_DrawCharS)
    ST7735_DrawPixel                         0x00000e11   Thumb Code    64  st7735.o(i.ST7735_DrawPixel)
    ST7735_DrawString                        0x00000e59   Thumb Code    84  st7735.o(i.ST7735_DrawString)
    ST7735_FillRect                          0x00000ead   Thumb Code   164  st7735.o(i.ST7735_FillRect)
    ST7735_FillScreen                        0x00000f59   Thumb Code    28  st7735.o(i.ST7735_FillScreen)
    ST7735_InitR                             0x00000f7d   Thumb Code    90  st7735.o(i.ST7735_InitR)
    ST7735_OutChar                           0x00000ff9   Thumb Code   176  st7735.o(i.ST7735_OutChar)
    ST7735_OutString                         0x000010cd   Thumb Code    22  st7735.o(i.ST7735_OutString)
    ST7735_SetCursor                         0x000010e5   Thumb Code    22  st7735.o(i.ST7735_SetCursor)
    SoundTask                                0x00001105   Thumb Code    58  sound.o(i.SoundTask)
    Sound_Init                               0x0000114d   Thumb Code    24  sound.o(i.Sound_Init)
    Sound_Play                               0x0000116d   Thumb Code    18  sound.o(i.Sound_Play)
    Sound_Shoot                              0x0000118d   Thumb Code    14  sound.o(i.Sound_Shoot)
    SpawnJPiece                              0x000011a1   Thumb Code   140  block.o(i.SpawnJPiece)
    SpawnLPiece                              0x00001235   Thumb Code   138  block.o(i.SpawnLPiece)
    SpawnLinePiece                           0x000012c9   Thumb Code   136  block.o(i.SpawnLinePiece)
    SpawnSPiece                              0x00001359   Thumb Code   140  block.o(i.SpawnSPiece)
    SpawnSquarePiece                         0x000013ed   Thumb Code   132  block.o(i.SpawnSquarePiece)
    SpawnTriPiece                            0x00001479   Thumb Code   140  block.o(i.SpawnTriPiece)
    SpawnZPiece                              0x0000150d   Thumb Code   140  block.o(i.SpawnZPiece)
    Switches                                 0x000015a1   Thumb Code    10  spaceinvaders.o(i.Switches)
    SysTick_Handler                          0x000015b1   Thumb Code   522  spaceinvaders.o(i.SysTick_Handler)
    SysTick_Init                             0x000017dd   Thumb Code    22  spaceinvaders.o(i.SysTick_Init)
    Timer0A_Handler                          0x000017f9   Thumb Code    16  timer0.o(i.Timer0A_Handler)
    Timer0_Init                              0x00001811   Thumb Code    74  timer0.o(i.Timer0_Init)
    Timer1A_Handler                          0x00001871   Thumb Code    16  timer1.o(i.Timer1A_Handler)
    checkY                                   0x00001889   Thumb Code    78  block.o(i.checkY)
    clear                                    0x000018e1   Thumb Code   212  block.o(i.clear)
    delete_Rows                              0x00001ba1   Thumb Code   332  block.o(i.delete_Rows)
    draw_Rows                                0x00001d01   Thumb Code   212  block.o(i.draw_Rows)
    grid_Init                                0x00001df5   Thumb Code    54  spaceinvaders.o(i.grid_Init)
    main                                     0x00001e31   Thumb Code  1370  spaceinvaders.o(i.main)
    rotateJPiece                             0x000023d1   Thumb Code   306  block.o(i.rotateJPiece)
    rotateLPiece                             0x00002509   Thumb Code   298  block.o(i.rotateLPiece)
    rotateLinePiece                          0x00002639   Thumb Code   150  block.o(i.rotateLinePiece)
    rotateSPiece                             0x000026d5   Thumb Code   162  block.o(i.rotateSPiece)
    rotateTriPiece                           0x0000277d   Thumb Code   314  block.o(i.rotateTriPiece)
    rotateZPiece                             0x000028bd   Thumb Code   146  block.o(i.rotateZPiece)
    switch_Init                              0x000029c9   Thumb Code    46  spaceinvaders.o(i.switch_Init)
    updateJPiece                             0x00002a05   Thumb Code   162  block.o(i.updateJPiece)
    updateLPiece                             0x00002aad   Thumb Code   162  block.o(i.updateLPiece)
    updateLinePiece                          0x00002b55   Thumb Code    84  block.o(i.updateLinePiece)
    updateSPiece                             0x00002bad   Thumb Code    84  block.o(i.updateSPiece)
    updateSquarePiece                        0x00002c05   Thumb Code    34  block.o(i.updateSquarePiece)
    updateTriPiece                           0x00002c2d   Thumb Code   162  block.o(i.updateTriPiece)
    updateZPiece                             0x00002cd5   Thumb Code    84  block.o(i.updateZPiece)
    shoot                                    0x00002d2c   Data        4080  sound.o(.constdata)
    dBfs                                     0x000042fe   Data         512  st7735.o(.constdata)
    Region$$Table$$Base                      0x0000a60c   Number         0  anon$$obj.o(Region$$Table)
    Region$$Table$$Limit                     0x0000a62c   Number         0  anon$$obj.o(Region$$Table)
    PeriodicTask0                            0x20000000   Data           4  timer0.o(.data)
    PeriodicTask1                            0x20000004   Data           4  timer1.o(.data)
    length                                   0x20000008   Data           4  sound.o(.data)
    SoundPt                                  0x2000000c   Data           4  sound.o(.data)
    StX                                      0x20000010   Data           4  st7735.o(.data)
    StY                                      0x20000014   Data           4  st7735.o(.data)
    StTextColor                              0x20000018   Data           2  st7735.o(.data)
    Messageindex                             0x20000024   Data           4  st7735.o(.data)
    Ymax                                     0x20000028   Data           4  st7735.o(.data)
    Ymin                                     0x2000002c   Data           4  st7735.o(.data)
    X                                        0x20000030   Data           4  st7735.o(.data)
    Yrange                                   0x20000034   Data           4  st7735.o(.data)
    lastj                                    0x20000038   Data           4  st7735.o(.data)
    score                                    0x2000003c   Data           4  block.o(.data)
    YchangedFlag                             0x20000040   Data           4  block.o(.data)
    previousCurrentPieceX                    0x20000044   Data           4  block.o(.data)
    RowStop                                  0x20000048   Data           4  block.o(.data)
    myLanguage                               0x2000004c   Data           1  spaceinvaders.o(.data)
    Score_English                            0x2000004d   Data           7  spaceinvaders.o(.data)
    Score_Spanish                            0x20000054   Data          11  spaceinvaders.o(.data)
    Language_English                         0x2000005f   Data           8  spaceinvaders.o(.data)
    Language_Spanish                         0x20000067   Data           7  spaceinvaders.o(.data)
    Phrases                                  0x20000070   Data          16  spaceinvaders.o(.data)
    Position                                 0x20000080   Data           4  spaceinvaders.o(.data)
    langIndex                                0x20000084   Data           4  spaceinvaders.o(.data)
    currentLanguage                          0x20000088   Data           1  spaceinvaders.o(.data)
    Words                                    0x20000089   Data           2  spaceinvaders.o(.data)
    currentScore                             0x2000008c   Data           4  spaceinvaders.o(.data)
    gameOverFlag                             0x20000090   Data           4  spaceinvaders.o(.data)
    moveFlag                                 0x20000094   Data           4  spaceinvaders.o(.data)
    previousX                                0x20000098   Data           4  spaceinvaders.o(.data)
    ADCdata                                  0x2000009c   Data           4  spaceinvaders.o(.data)
    semaphore                                0x200000a0   Data           4  spaceinvaders.o(.data)
    movingCounter                            0x200000a4   Data           4  spaceinvaders.o(.data)
    movingCounterLimit                       0x200000a8   Data           4  spaceinvaders.o(.data)
    redSquareCoords                          0x200000ac   Data           8  spaceinvaders.o(.data)
    redSquarePos                             0x200000b4   Data           4  spaceinvaders.o(.data)
    currentPiece                             0x200000bc   Data         160  block.o(.bss)
    futurePiece                              0x2000015c   Data         160  block.o(.bss)
    grid                                     0x200001fc   Data        3968  block.o(.bss)
    __libspace_start                         0x2000117c   Data          96  libspace.o(.bss)
    __temporary_stack_top$libspace           0x200011dc   Data           0  libspace.o(.bss)



==============================================================================

Memory Map of the image

  Image Entry point : 0x0000026d

  Load Region LR_1 (Base: 0x00000000, Size: 0x0000a6e8, Max: 0xffffffff, ABSOLUTE)

    Execution Region ER_RO (Exec base: 0x00000000, Load base: 0x00000000, Size: 0x0000a62c, Max: 0xffffffff, ABSOLUTE)

    Exec Addr    Load Addr    Size         Type   Attr      Idx    E Section Name        Object

    0x00000000   0x00000000   0x00000284   Code   RO            3  * RESET               startup.o
    0x00000284   0x00000284   0x00000008   Code   RO          697  * !!!main             c_w.l(__main.o)
    0x0000028c   0x0000028c   0x00000034   Code   RO          854    !!!scatter          c_w.l(__scatter.o)
    0x000002c0   0x000002c0   0x0000001a   Code   RO          856    !!handler_copy      c_w.l(__scatter_copy.o)
    0x000002da   0x000002da   0x00000002   PAD
    0x000002dc   0x000002dc   0x0000001c   Code   RO          858    !!handler_zi        c_w.l(__scatter_zi.o)
    0x000002f8   0x000002f8   0x00000002   Code   RO          724    .ARM.Collect$$libinit$$00000000  c_w.l(libinit.o)
    0x000002fa   0x000002fa   0x00000000   Code   RO          731    .ARM.Collect$$libinit$$00000002  c_w.l(libinit2.o)
    0x000002fa   0x000002fa   0x00000000   Code   RO          733    .ARM.Collect$$libinit$$00000004  c_w.l(libinit2.o)
    0x000002fa   0x000002fa   0x00000000   Code   RO          736    .ARM.Collect$$libinit$$0000000A  c_w.l(libinit2.o)
    0x000002fa   0x000002fa   0x00000000   Code   RO          738    .ARM.Collect$$libinit$$0000000C  c_w.l(libinit2.o)
    0x000002fa   0x000002fa   0x00000000   Code   RO          740    .ARM.Collect$$libinit$$0000000E  c_w.l(libinit2.o)
    0x000002fa   0x000002fa   0x00000000   Code   RO          743    .ARM.Collect$$libinit$$00000011  c_w.l(libinit2.o)
    0x000002fa   0x000002fa   0x00000000   Code   RO          745    .ARM.Collect$$libinit$$00000013  c_w.l(libinit2.o)
    0x000002fa   0x000002fa   0x00000000   Code   RO          747    .ARM.Collect$$libinit$$00000015  c_w.l(libinit2.o)
    0x000002fa   0x000002fa   0x00000000   Code   RO          749    .ARM.Collect$$libinit$$00000017  c_w.l(libinit2.o)
    0x000002fa   0x000002fa   0x00000000   Code   RO          751    .ARM.Collect$$libinit$$00000019  c_w.l(libinit2.o)
    0x000002fa   0x000002fa   0x00000000   Code   RO          753    .ARM.Collect$$libinit$$0000001B  c_w.l(libinit2.o)
    0x000002fa   0x000002fa   0x00000000   Code   RO          755    .ARM.Collect$$libinit$$0000001D  c_w.l(libinit2.o)
    0x000002fa   0x000002fa   0x00000000   Code   RO          757    .ARM.Collect$$libinit$$0000001F  c_w.l(libinit2.o)
    0x000002fa   0x000002fa   0x00000000   Code   RO          759    .ARM.Collect$$libinit$$00000021  c_w.l(libinit2.o)
    0x000002fa   0x000002fa   0x00000000   Code   RO          761    .ARM.Collect$$libinit$$00000023  c_w.l(libinit2.o)
    0x000002fa   0x000002fa   0x00000000   Code   RO          763    .ARM.Collect$$libinit$$00000025  c_w.l(libinit2.o)
    0x000002fa   0x000002fa   0x00000000   Code   RO          767    .ARM.Collect$$libinit$$0000002C  c_w.l(libinit2.o)
    0x000002fa   0x000002fa   0x00000000   Code   RO          769    .ARM.Collect$$libinit$$0000002E  c_w.l(libinit2.o)
    0x000002fa   0x000002fa   0x00000000   Code   RO          771    .ARM.Collect$$libinit$$00000030  c_w.l(libinit2.o)
    0x000002fa   0x000002fa   0x00000000   Code   RO          773    .ARM.Collect$$libinit$$00000032  c_w.l(libinit2.o)
    0x000002fa   0x000002fa   0x00000002   Code   RO          774    .ARM.Collect$$libinit$$00000033  c_w.l(libinit2.o)
    0x000002fc   0x000002fc   0x00000002   Code   RO          794    .ARM.Collect$$libshutdown$$00000000  c_w.l(libshutdown.o)
    0x000002fe   0x000002fe   0x00000000   Code   RO          807    .ARM.Collect$$libshutdown$$00000002  c_w.l(libshutdown2.o)
    0x000002fe   0x000002fe   0x00000000   Code   RO          809    .ARM.Collect$$libshutdown$$00000004  c_w.l(libshutdown2.o)
    0x000002fe   0x000002fe   0x00000000   Code   RO          812    .ARM.Collect$$libshutdown$$00000007  c_w.l(libshutdown2.o)
    0x000002fe   0x000002fe   0x00000000   Code   RO          815    .ARM.Collect$$libshutdown$$0000000A  c_w.l(libshutdown2.o)
    0x000002fe   0x000002fe   0x00000000   Code   RO          817    .ARM.Collect$$libshutdown$$0000000C  c_w.l(libshutdown2.o)
    0x000002fe   0x000002fe   0x00000000   Code   RO          820    .ARM.Collect$$libshutdown$$0000000F  c_w.l(libshutdown2.o)
    0x000002fe   0x000002fe   0x00000002   Code   RO          821    .ARM.Collect$$libshutdown$$00000010  c_w.l(libshutdown2.o)
    0x00000300   0x00000300   0x00000000   Code   RO          699    .ARM.Collect$$rtentry$$00000000  c_w.l(__rtentry.o)
    0x00000300   0x00000300   0x00000000   Code   RO          701    .ARM.Collect$$rtentry$$00000002  c_w.l(__rtentry2.o)
    0x00000300   0x00000300   0x00000006   Code   RO          713    .ARM.Collect$$rtentry$$00000004  c_w.l(__rtentry4.o)
    0x00000306   0x00000306   0x00000000   Code   RO          703    .ARM.Collect$$rtentry$$00000009  c_w.l(__rtentry2.o)
    0x00000306   0x00000306   0x00000004   Code   RO          704    .ARM.Collect$$rtentry$$0000000A  c_w.l(__rtentry2.o)
    0x0000030a   0x0000030a   0x00000000   Code   RO          706    .ARM.Collect$$rtentry$$0000000C  c_w.l(__rtentry2.o)
    0x0000030a   0x0000030a   0x00000008   Code   RO          707    .ARM.Collect$$rtentry$$0000000D  c_w.l(__rtentry2.o)
    0x00000312   0x00000312   0x00000002   Code   RO          728    .ARM.Collect$$rtexit$$00000000  c_w.l(rtexit.o)
    0x00000314   0x00000314   0x00000000   Code   RO          776    .ARM.Collect$$rtexit$$00000002  c_w.l(rtexit2.o)
    0x00000314   0x00000314   0x00000004   Code   RO          777    .ARM.Collect$$rtexit$$00000003  c_w.l(rtexit2.o)
    0x00000318   0x00000318   0x00000006   Code   RO          778    .ARM.Collect$$rtexit$$00000004  c_w.l(rtexit2.o)
    0x0000031e   0x0000031e   0x00000002   PAD
    0x00000320   0x00000320   0x00000030   Code   RO            4    .text               startup.o
    0x00000350   0x00000350   0x0000003c   Code   RO           13    .text               random.o
    0x0000038c   0x0000038c   0x00000050   Code   RO          144    .text               lcd.o
    0x000003dc   0x000003dc   0x00000104   Code   RO          147    .text               print.o
    0x000004e0   0x000004e0   0x00000006   Code   RO          695    .text               c_w.l(heapauxi.o)
    0x000004e6   0x000004e6   0x0000004a   Code   RO          715    .text               c_w.l(sys_stackheap_outer.o)
    0x00000530   0x00000530   0x00000012   Code   RO          717    .text               c_w.l(exit.o)
    0x00000542   0x00000542   0x00000002   PAD
    0x00000544   0x00000544   0x00000008   Code   RO          725    .text               c_w.l(libspace.o)
    0x0000054c   0x0000054c   0x0000000c   Code   RO          786    .text               c_w.l(sys_exit.o)
    0x00000558   0x00000558   0x00000002   Code   RO          797    .text               c_w.l(use_no_semi.o)
    0x0000055a   0x0000055a   0x00000000   Code   RO          799    .text               c_w.l(indicate_semi.o)
    0x0000055a   0x0000055a   0x00000002   PAD
    0x0000055c   0x0000055c   0x0000002c   Code   RO           41    i.ADC_In            adc.o
    0x00000588   0x00000588   0x000000ec   Code   RO           42    i.ADC_Init          adc.o
    0x00000674   0x00000674   0x00000010   Code   RO          613    i.BoardSwitch       spaceinvaders.o
    0x00000684   0x00000684   0x00000054   Code   RO          431    i.CheckGrid_X       block.o
    0x000006d8   0x000006d8   0x00000054   Code   RO          614    i.Convert           spaceinvaders.o
    0x0000072c   0x0000072c   0x00000090   Code   RO           16    i.DAC_Init          dac.o
    0x000007bc   0x000007bc   0x0000000c   Code   RO           17    i.DAC_Out           dac.o
    0x000007c8   0x000007c8   0x00000020   Code   RO          150    i.Delay1ms          st7735.o
    0x000007e8   0x000007e8   0x00000324   Code   RO          432    i.DrawCurrentPiece  block.o
    0x00000b0c   0x00000b0c   0x00000048   Code   RO          433    i.FindEmptyRow      block.o
    0x00000b54   0x00000b54   0x00000010   Code   RO          153    i.Output_Init       st7735.o
    0x00000b64   0x00000b64   0x0000007c   Code   RO          416    i.PLL_Init          pll.o
    0x00000be0   0x00000be0   0x00000016   Code   RO          615    i.Random7           spaceinvaders.o
    0x00000bf6   0x00000bf6   0x00000002   PAD
    0x00000bf8   0x00000bf8   0x00000120   Code   RO          157    i.ST7735_DrawBitmap  st7735.o
    0x00000d18   0x00000d18   0x000000f8   Code   RO          159    i.ST7735_DrawCharS  st7735.o
    0x00000e10   0x00000e10   0x00000048   Code   RO          162    i.ST7735_DrawPixel  st7735.o
    0x00000e58   0x00000e58   0x00000054   Code   RO          163    i.ST7735_DrawString  st7735.o
    0x00000eac   0x00000eac   0x000000ac   Code   RO          164    i.ST7735_FillRect   st7735.o
    0x00000f58   0x00000f58   0x00000024   Code   RO          165    i.ST7735_FillScreen  st7735.o
    0x00000f7c   0x00000f7c   0x0000007c   Code   RO          167    i.ST7735_InitR      st7735.o
    0x00000ff8   0x00000ff8   0x000000d4   Code   RO          169    i.ST7735_OutChar    st7735.o
    0x000010cc   0x000010cc   0x00000016   Code   RO          170    i.ST7735_OutString  st7735.o
    0x000010e2   0x000010e2   0x00000002   PAD
    0x000010e4   0x000010e4   0x00000020   Code   RO          180    i.ST7735_SetCursor  st7735.o
    0x00001104   0x00001104   0x00000048   Code   RO          101    i.SoundTask         sound.o
    0x0000114c   0x0000114c   0x00000020   Code   RO          102    i.Sound_Init        sound.o
    0x0000116c   0x0000116c   0x00000020   Code   RO          103    i.Sound_Play        sound.o
    0x0000118c   0x0000118c   0x00000014   Code   RO          104    i.Sound_Shoot       sound.o
    0x000011a0   0x000011a0   0x00000094   Code   RO          434    i.SpawnJPiece       block.o
    0x00001234   0x00001234   0x00000094   Code   RO          435    i.SpawnLPiece       block.o
    0x000012c8   0x000012c8   0x00000090   Code   RO          436    i.SpawnLinePiece    block.o
    0x00001358   0x00001358   0x00000094   Code   RO          437    i.SpawnSPiece       block.o
    0x000013ec   0x000013ec   0x0000008c   Code   RO          438    i.SpawnSquarePiece  block.o
    0x00001478   0x00001478   0x00000094   Code   RO          439    i.SpawnTriPiece     block.o
    0x0000150c   0x0000150c   0x00000094   Code   RO          440    i.SpawnZPiece       block.o
    0x000015a0   0x000015a0   0x00000010   Code   RO          616    i.Switches          spaceinvaders.o
    0x000015b0   0x000015b0   0x0000022c   Code   RO          617    i.SysTick_Handler   spaceinvaders.o
    0x000017dc   0x000017dc   0x0000001c   Code   RO          618    i.SysTick_Init      spaceinvaders.o
    0x000017f8   0x000017f8   0x00000018   Code   RO           59    i.Timer0A_Handler   timer0.o
    0x00001810   0x00001810   0x00000060   Code   RO           60    i.Timer0_Init       timer0.o
    0x00001870   0x00001870   0x00000018   Code   RO           80    i.Timer1A_Handler   timer1.o
    0x00001888   0x00001888   0x00000058   Code   RO          441    i.checkY            block.o
    0x000018e0   0x000018e0   0x000000e0   Code   RO          442    i.clear             block.o
    0x000019c0   0x000019c0   0x00000056   Code   RO          184    i.commandList       st7735.o
    0x00001a16   0x00001a16   0x00000002   PAD
    0x00001a18   0x00001a18   0x00000188   Code   RO          185    i.commonInit        st7735.o
    0x00001ba0   0x00001ba0   0x00000160   Code   RO          443    i.delete_Rows       block.o
    0x00001d00   0x00001d00   0x000000f4   Code   RO          444    i.draw_Rows         block.o
    0x00001df4   0x00001df4   0x0000003c   Code   RO          619    i.grid_Init         spaceinvaders.o
    0x00001e30   0x00001e30   0x0000058c   Code   RO          620    i.main              spaceinvaders.o
    0x000023bc   0x000023bc   0x00000012   Code   RO          190    i.pushColor         st7735.o
    0x000023ce   0x000023ce   0x00000002   PAD
    0x000023d0   0x000023d0   0x00000138   Code   RO          445    i.rotateJPiece      block.o
    0x00002508   0x00002508   0x00000130   Code   RO          446    i.rotateLPiece      block.o
    0x00002638   0x00002638   0x0000009c   Code   RO          447    i.rotateLinePiece   block.o
    0x000026d4   0x000026d4   0x000000a8   Code   RO          448    i.rotateSPiece      block.o
    0x0000277c   0x0000277c   0x00000140   Code   RO          449    i.rotateTriPiece    block.o
    0x000028bc   0x000028bc   0x00000098   Code   RO          450    i.rotateZPiece      block.o
    0x00002954   0x00002954   0x00000074   Code   RO          191    i.setAddrWindow     st7735.o
    0x000029c8   0x000029c8   0x0000003c   Code   RO          621    i.switch_Init       spaceinvaders.o
    0x00002a04   0x00002a04   0x000000a8   Code   RO          451    i.updateJPiece      block.o
    0x00002aac   0x00002aac   0x000000a8   Code   RO          452    i.updateLPiece      block.o
    0x00002b54   0x00002b54   0x00000058   Code   RO          453    i.updateLinePiece   block.o
    0x00002bac   0x00002bac   0x00000058   Code   RO          454    i.updateSPiece      block.o
    0x00002c04   0x00002c04   0x00000028   Code   RO          455    i.updateSquarePiece  block.o
    0x00002c2c   0x00002c2c   0x000000a8   Code   RO          456    i.updateTriPiece    block.o
    0x00002cd4   0x00002cd4   0x00000058   Code   RO          457    i.updateZPiece      block.o
    0x00002d2c   0x00002d2c   0x00000ff0   Data   RO          105    .constdata          sound.o
    0x00003d1c   0x00003d1c   0x000007e2   Data   RO          193    .constdata          st7735.o
    0x000044fe   0x000044fe   0x00003086   Data   RO          459    .constdata          block.o
    0x00007584   0x00007584   0x00003086   Data   RO          622    .constdata          spaceinvaders.o
    0x0000a60a   0x0000a60a   0x00000002   PAD
    0x0000a60c   0x0000a60c   0x00000020   Data   RO          852    Region$$Table       anon$$obj.o


    Execution Region ER_RW (Exec base: 0x20000000, Load base: 0x0000a62c, Size: 0x000000bc, Max: 0xffffffff, ABSOLUTE)

    Exec Addr    Load Addr    Size         Type   Attr      Idx    E Section Name        Object

    0x20000000   0x0000a62c   0x00000004   Data   RW           61    .data               timer0.o
    0x20000004   0x0000a630   0x00000004   Data   RW           82    .data               timer1.o
    0x20000008   0x0000a634   0x00000008   Data   RW          106    .data               sound.o
    0x20000010   0x0000a63c   0x0000002c   Data   RW          194    .data               st7735.o
    0x2000003c   0x0000a668   0x00000010   Data   RW          460    .data               block.o
    0x2000004c   0x0000a678   0x0000006c   Data   RW          623    .data               spaceinvaders.o
    0x200000b8   0x0000a6e4   0x00000004   Data   RW           12    DATA                random.o


    Execution Region ER_ZI (Exec base: 0x200000bc, Load base: 0x0000a6e8, Size: 0x00001524, Max: 0xffffffff, ABSOLUTE)

    Exec Addr    Load Addr    Size         Type   Attr      Idx    E Section Name        Object

    0x200000bc        -       0x000010c0   Zero   RW          458    .bss                block.o
    0x2000117c        -       0x00000060   Zero   RW          726    .bss                c_w.l(libspace.o)
    0x200011dc   0x0000a6e8   0x00000004   PAD
    0x200011e0        -       0x00000000   Zero   RW            2    HEAP                startup.o
    0x200011e0        -       0x00000400   Zero   RW            1    STACK               startup.o


==============================================================================

Image component sizes


      Code (inc. data)   RO Data    RW Data    ZI Data      Debug   Object Name

       280         32          0          0          0        864   adc.o
      5112        272      12422         16       4288      16402   block.o
       156         32          0          0          0       5353   dac.o
        80         12          0          0          0        236   lcd.o
       124          4          0          0          0        443   pll.o
       260          2          0          0          0        288   print.o
        60         14          0          4          0        232   random.o
       156         42       4080          8          0       2263   sound.o
      2262        272      12422        108          0       7636   spaceinvaders.o
      1950        184       2018         44          0      13604   st7735.o
       692        632          0          0       1024        972   startup.o
       120         30          0          4          0       1400   timer0.o
        24          8          0          4          0        910   timer1.o

    ----------------------------------------------------------------------
     11284       1536      30976        188       5312      50603   Object Totals
         0          0         32          0          0          0   (incl. Generated)
         8          0          2          0          0          0   (incl. Padding)

    ----------------------------------------------------------------------

      Code (inc. data)   RO Data    RW Data    ZI Data      Debug   Library Member Name

         8          0          0          0          0         68   __main.o
         0          0          0          0          0          0   __rtentry.o
        12          0          0          0          0          0   __rtentry2.o
         6          0          0          0          0          0   __rtentry4.o
        52          8          0          0          0          0   __scatter.o
        26          0          0          0          0          0   __scatter_copy.o
        28          0          0          0          0          0   __scatter_zi.o
        18          0          0          0          0         80   exit.o
         6          0          0          0          0        152   heapauxi.o
         0          0          0          0          0          0   indicate_semi.o
         2          0          0          0          0          0   libinit.o
         2          0          0          0          0          0   libinit2.o
         2          0          0          0          0          0   libshutdown.o
         2          0          0          0          0          0   libshutdown2.o
         8          4          0          0         96         68   libspace.o
         2          0          0          0          0          0   rtexit.o
        10          0          0          0          0          0   rtexit2.o
        12          4          0          0          0         68   sys_exit.o
        74          0          0          0          0         80   sys_stackheap_outer.o
         2          0          0          0          0         68   use_no_semi.o

    ----------------------------------------------------------------------
       280         16          0          0        100        584   Library Totals
         8          0          0          0          4          0   (incl. Padding)

    ----------------------------------------------------------------------

      Code (inc. data)   RO Data    RW Data    ZI Data      Debug   Library Name

       272         16          0          0         96        584   c_w.l

    ----------------------------------------------------------------------
       280         16          0          0        100        584   Library Totals

    ----------------------------------------------------------------------

==============================================================================


      Code (inc. data)   RO Data    RW Data    ZI Data      Debug   

     11564       1552      30976        188       5412      47907   Grand Totals
     11564       1552      30976        188       5412      47907   ELF Image Totals
     11564       1552      30976        188          0          0   ROM Totals

==============================================================================

    Total RO  Size (Code + RO Data)                42540 (  41.54kB)
    Total RW  Size (RW Data + ZI Data)              5600 (   5.47kB)
    Total ROM Size (Code + RO Data + RW Data)      42728 (  41.73kB)

==============================================================================

